Component: ARM Compiler 5.06 update 7 (build 960) Tool: armlink [4d3601]

==============================================================================

Section Cross References

    main.o(i.main) refers to misc.o(i.NVIC_PriorityGroupConfig) for NVIC_PriorityGroupConfig
    main.o(i.main) refers to delay.o(i.delay_init) for delay_init
    main.o(i.main) refers to usart.o(i.uart_init) for uart_init
    main.o(i.main) refers to mq2.o(i.MQ2_Init) for MQ2_Init
    main.o(i.main) refers to lightled.o(i.LDR_Init) for LDR_Init
    main.o(i.main) refers to dht11.o(i.DHT11_Init) for DHT11_Init
    main.o(i.main) refers to usart2.o(i.Usart2_Init) for Usart2_Init
    main.o(i.main) refers to timer.o(i.TIM4_Init) for TIM4_Init
    main.o(i.main) refers to servo.o(i.Servo_Init) for Servo_Init
    main.o(i.main) refers to yuyin.o(i.Usart3_Init) for Usart3_Init
    main.o(i.main) refers to wifi.o(i.WiFi_ResetIO_Init) for WiFi_ResetIO_Init
    main.o(i.main) refers to mqtt.o(i.IoT_Parameter_Init) for IoT_Parameter_Init
    main.o(i.main) refers to oled.o(i.OLED_Init) for OLED_Init
    main.o(i.main) refers to iic_gy302.o(i.IICGY302_GPIOInit) for IICGY302_GPIOInit
    main.o(i.main) refers to mq2.o(i.mq2Proc) for mq2Proc
    main.o(i.main) refers to commun.o(i.CommProc) for CommProc
    main.o(i.main) refers to yuyin.o(i.yuyinProc) for yuyinProc
    main.o(i.main) refers to lightled.o(i.ldr_work) for ldr_work
    main.o(i.main) refers to gy302.o(i.sunlightProc) for sunlightProc
    main.o(i.main) refers to oled.o(i.OLED_Menu_Display) for OLED_Menu_Display
    main.o(.data) refers to main.o(.conststring) for .conststring
    system_stm32f4xx.o(i.SystemCoreClockUpdate) refers to system_stm32f4xx.o(.data) for SystemCoreClock
    system_stm32f4xx.o(i.SystemInit) refers to system_stm32f4xx.o(i.SetSysClock) for SetSysClock
    hcsr501.o(i.HcSr501Proc) refers to hcsr501.o(i.HcSr501_Init) for HcSr501_Init
    hcsr501.o(i.HcSr501Proc) refers to __2printf.o(.text) for __2printf
    hcsr501.o(i.HcSr501_Init) refers to stm32f4xx_rcc.o(i.RCC_AHB1PeriphClockCmd) for RCC_AHB1PeriphClockCmd
    hcsr501.o(i.HcSr501_Init) refers to stm32f4xx_gpio.o(i.GPIO_Init) for GPIO_Init
    lightled.o(i.LDR_Init) refers to stm32f4xx_rcc.o(i.RCC_AHB1PeriphClockCmd) for RCC_AHB1PeriphClockCmd
    lightled.o(i.LDR_Init) refers to stm32f4xx_gpio.o(i.GPIO_Init) for GPIO_Init
    lightled.o(i.ldr_work) refers to strcmpv7m.o(.text) for strcmp
    lightled.o(i.ldr_work) refers to control.o(i.SendToServer) for SendToServer
    lightled.o(i.ldr_work) refers to lightled.o(.data) for LEDSTATUS
    lightled.o(.data) refers to lightled.o(.conststring) for .conststring
    mq2.o(i.Get_Adc) refers to stm32f4xx_adc.o(i.ADC_RegularChannelConfig) for ADC_RegularChannelConfig
    mq2.o(i.Get_Adc) refers to stm32f4xx_adc.o(i.ADC_SoftwareStartConv) for ADC_SoftwareStartConv
    mq2.o(i.Get_Adc) refers to stm32f4xx_adc.o(i.ADC_GetFlagStatus) for ADC_GetFlagStatus
    mq2.o(i.Get_Adc) refers to stm32f4xx_adc.o(i.ADC_GetConversionValue) for ADC_GetConversionValue
    mq2.o(i.Get_Adc_Average) refers to mq2.o(i.Get_Adc) for Get_Adc
    mq2.o(i.Get_Adc_Average) refers to delay.o(i.delay_ms) for delay_ms
    mq2.o(i.MQ2_Init) refers to stm32f4xx_rcc.o(i.RCC_AHB1PeriphClockCmd) for RCC_AHB1PeriphClockCmd
    mq2.o(i.MQ2_Init) refers to stm32f4xx_rcc.o(i.RCC_APB2PeriphClockCmd) for RCC_APB2PeriphClockCmd
    mq2.o(i.MQ2_Init) refers to stm32f4xx_gpio.o(i.GPIO_Init) for GPIO_Init
    mq2.o(i.MQ2_Init) refers to stm32f4xx_adc.o(i.ADC_DeInit) for ADC_DeInit
    mq2.o(i.MQ2_Init) refers to stm32f4xx_adc.o(i.ADC_CommonInit) for ADC_CommonInit
    mq2.o(i.MQ2_Init) refers to stm32f4xx_adc.o(i.ADC_Init) for ADC_Init
    mq2.o(i.MQ2_Init) refers to stm32f4xx_adc.o(i.ADC_Cmd) for ADC_Cmd
    mq2.o(i.mq2Proc) refers to mq2.o(i.Get_Adc_Average) for Get_Adc_Average
    mq2.o(i.mq2Proc) refers to dflt_clz.o(x$fpl$dflt) for __aeabi_i2d
    mq2.o(i.mq2Proc) refers to dmul.o(x$fpl$dmul) for __aeabi_dmul
    mq2.o(i.mq2Proc) refers to daddsub_clz.o(x$fpl$dadd) for __aeabi_dadd
    mq2.o(i.mq2Proc) refers to dfixu.o(x$fpl$dfixu) for __aeabi_d2uiz
    mq2.o(i.mq2Proc) refers to mq2.o(.data) for MQ2_Value
    commun.o(i.CommProc) refers to _printf_percent.o(.ARM.Collect$$_printf_percent$$00000000) for _printf_percent
    commun.o(i.CommProc) refers to _printf_x.o(.ARM.Collect$$_printf_percent$$0000000C) for _printf_x
    commun.o(i.CommProc) refers to _printf_hex_int_ll_ptr.o(.text) for _printf_longlong_hex
    commun.o(i.CommProc) refers to _printf_s.o(.ARM.Collect$$_printf_percent$$00000014) for _printf_s
    commun.o(i.CommProc) refers to _printf_str.o(.text) for _printf_str
    commun.o(i.CommProc) refers to __2printf.o(.text) for __2printf
    commun.o(i.CommProc) refers to usart2.o(i.u2_TxData) for u2_TxData
    commun.o(i.CommProc) refers to timer.o(i.TIM3_ENABLE_30S) for TIM3_ENABLE_30S
    commun.o(i.CommProc) refers to control.o(i.SendToServer) for SendToServer
[...]
    _signal_init                              - Undefined Weak Reference
    _terminate_alloc                          - Undefined Weak Reference
    _terminate_user_alloc                     - Undefined Weak Reference
    _terminateio                              - Undefined Weak Reference
    __Vectors_Size                           0x00000188   Number         0  startup_stm32f40_41xxx.o ABSOLUTE
    __Vectors                                0x08000000   Data           4  startup_stm32f40_41xxx.o(RESET)
    __Vectors_End                            0x08000188   Data           0  startup_stm32f40_41xxx.o(RESET)
    __main                                   0x08000189   Thumb Code     8  __main.o(!!!main)
    __scatterload                            0x08000191   Thumb Code     0  __scatter.o(!!!scatter)
    __scatterload_rt2                        0x08000191   Thumb Code    44  __scatter.o(!!!scatter)
    __scatterload_rt2_thumb_only             0x08000191   Thumb Code     0  __scatter.o(!!!scatter)
    __scatterload_null                       0x0800019f   Thumb Code     0  __scatter.o(!!!scatter)
    __scatterload_copy                       0x080001c5   Thumb Code    26  __scatter_copy.o(!!handler_copy)
    __scatterload_zeroinit                   0x080001e1   Thumb Code    28  __scatter_zi.o(!!handler_zi)
    _printf_n                                0x080001fd   Thumb Code     0  _printf_n.o(.ARM.Collect$$_printf_percent$$00000001)
    _printf_percent                          0x080001fd   Thumb Code     0  _printf_percent.o(.ARM.Collect$$_printf_percent$$00000000)
    _printf_p                                0x08000203   Thumb Code     0  _printf_p.o(.ARM.Collect$$_printf_percent$$00000002)
    _printf_f                                0x08000209   Thumb Code     0  _printf_f.o(.ARM.Collect$$_printf_percent$$00000003)
    _printf_e                                0x0800020f   Thumb Code     0  _printf_e.o(.ARM.Collect$$_printf_percent$$00000004)
    _printf_g                                0x08000215   Thumb Code     0  _printf_g.o(.ARM.Collect$$_printf_percent$$00000005)
    _printf_a                                0x0800021b   Thumb Code     0  _printf_a.o(.ARM.Collect$$_printf_percent$$00000006)
    _printf_ll                               0x08000221   Thumb Code     0  _printf_ll.o(.ARM.Collect$$_printf_percent$$00000007)
    _printf_i                                0x0800022b   Thumb Code     0  _printf_i.o(.ARM.Collect$$_printf_percent$$00000008)
    _printf_d                                0x08000231   Thumb Code     0  _printf_d.o(.ARM.Collect$$_printf_percent$$00000009)
    _printf_u                                0x08000237   Thumb Code     0  _printf_u.o(.ARM.Collect$$_printf_percent$$0000000A)
    _printf_o                                0x0800023d   Thumb Code     0  _printf_o.o(.ARM.Collect$$_printf_percent$$0000000B)
    _printf_x                                0x08000243   Thumb Code     0  _printf_x.o(.ARM.Collect$$_printf_percent$$0000000C)
    _printf_lli                              0x08000249   Thumb Code     0  _printf_lli.o(.ARM.Collect$$_printf_percent$$0000000D)
    _printf_lld                              0x0800024f   Thumb Code     0  _printf_lld.o(.ARM.Collect$$_printf_percent$$0000000E)
    _printf_llu                              0x08000255   Thumb Code     0  _printf_llu.o(.ARM.Collect$$_printf_percent$$0000000F)
    _printf_llo                              0x0800025b   Thumb Code     0  _printf_llo.o(.ARM.Collect$$_printf_percent$$00000010)
    _printf_llx                              0x08000261   Thumb Code     0  _printf_llx.o(.ARM.Collect$$_printf_percent$$00000011)
    _printf_l                                0x08000267   Thumb Code     0  _printf_l.o(.ARM.Collect$$_printf_percent$$00000012)
    _printf_c                                0x08000271   Thumb Code     0  _printf_c.o(.ARM.Collect$$_printf_percent$$00000013)
    _printf_s                                0x08000277   Thumb Code     0  _printf_s.o(.ARM.Collect$$_printf_percent$$00000014)
    _printf_lc                               0x0800027d   Thumb Code     0  _printf_lc.o(.ARM.Collect$$_printf_percent$$00000015)
    _printf_ls                               0x08000283   Thumb Code     0  _printf_ls.o(.ARM.Collect$$_printf_percent$$00000016)
    _printf_percent_end                      0x08000289   Thumb Code     0  _printf_percent_end.o(.ARM.Collect$$_printf_percent$$00000017)
    __rt_lib_init                            0x0800028d   Thumb Code     0  libinit.o(.ARM.Collect$$libinit$$00000000)
    __rt_lib_init_fp_1                       0x0800028f   Thumb Code     0  libinit2.o(.ARM.Collect$$libinit$$00000001)
    __rt_lib_init_heap_1                     0x08000293   Thumb Code     0  libinit2.o(.ARM.Collect$$libinit$$0000000A)
    __rt_lib_init_lc_common                  0x08000293   Thumb Code     0  libinit2.o(.ARM.Collect$$libinit$$0000000F)
    __rt_lib_init_preinit_1                  0x08000293   Thumb Code     0  libinit2.o(.ARM.Collect$$libinit$$00000004)
    __rt_lib_init_rand_1                     0x08000293   Thumb Code     0  libinit2.o(.ARM.Collect$$libinit$$0000000E)
    __rt_lib_init_user_alloc_1               0x08000293   Thumb Code     0  libinit2.o(.ARM.Collect$$libinit$$0000000C)
    __rt_lib_init_lc_collate_1               0x08000299   Thumb Code     0  libinit2.o(.ARM.Collect$$libinit$$00000011)
    __rt_lib_init_lc_ctype_2                 0x08000299   Thumb Code     0  libinit2.o(.ARM.Collect$$libinit$$00000012)
    __rt_lib_init_lc_ctype_1                 0x080002a5   Thumb Code     0  libinit2.o(.ARM.Collect$$libinit$$00000013)
    __rt_lib_init_lc_monetary_1              0x080002a5   Thumb Code     0  libinit2.o(.ARM.Collect$$libinit$$00000015)
    __rt_lib_init_lc_numeric_2               0x080002a5   Thumb Code     0  libinit2.o(.ARM.Collect$$libinit$$00000016)
    __rt_lib_init_alloca_1                   0x080002af   Thumb Code     0  libinit2.o(.ARM.Collect$$libinit$$0000002E)
    __rt_lib_init_argv_1                     0x080002af   Thumb Code     0  libinit2.o(.ARM.Collect$$libinit$$0000002C)
    __rt_lib_init_atexit_1                   0x080002af   Thumb Code     0  libinit2.o(.ARM.Collect$$libinit$$0000001B)
    __rt_lib_init_clock_1                    0x080002af   Thumb Code     0  libinit2.o(.ARM.Collect$$libinit$$00000021)
    __rt_lib_init_cpp_1                      0x080002af   Thumb Code     0  libinit2.o(.ARM.Collect$$libinit$$00000032)
    __rt_lib_init_exceptions_1               0x080002af   Thumb Code     0  libinit2.o(.ARM.Collect$$libinit$$00000030)
    __rt_lib_init_fp_trap_1                  0x080002af   Thumb Code     0  libinit2.o(.ARM.Collect$$libinit$$0000001F)
    __rt_lib_init_getenv_1                   0x080002af   Thumb Code     0  libinit2.o(.ARM.Collect$$libinit$$00000023)
    __rt_lib_init_lc_numeric_1               0x080002af   Thumb Code     0  libinit2.o(.ARM.Collect$$libinit$$00000017)
    __rt_lib_init_lc_time_1                  0x080002af   Thumb Code     0  libinit2.o(.ARM.Collect$$libinit$$00000019)
    __rt_lib_init_return                     0x080002af   Thumb Code     0  libinit2.o(.ARM.Collect$$libinit$$00000033)
    __rt_lib_init_signal_1                   0x080002af   Thumb Code     0  libinit2.o(.ARM.Collect$$libinit$$0000001D)
    __rt_lib_init_stdio_1                    0x080002af   Thumb Code     0  libinit2.o(.ARM.Collect$$libinit$$00000025)
    __rt_lib_shutdown                        0x080002b1   Thumb Code     0  libshutdown.o(.ARM.Collect$$libshutdown$$00000000)
    __rt_lib_shutdown_cpp_1                  0x080002b3   Thumb Code     0  libshutdown2.o(.ARM.Collect$$libshutdown$$00000004)
    __rt_lib_shutdown_fini_1                 0x080002b3   Thumb Code     0  libshutdown2.o(.ARM.Collect$$libshutdown$$00000002)
    __rt_lib_shutdown_fp_trap_1              0x080002b3   Thumb Code     0  libshutdown2.o(.ARM.Collect$$libshutdown$$00000009)
    __rt_lib_shutdown_heap_1                 0x080002b3   Thumb Code     0  libshutdown2.o(.ARM.Collect$$libshutdown$$00000011)
    __rt_lib_shutdown_return                 0x080002b3   Thumb Code     0  libshutdown2.o(.ARM.Collect$$libshutdown$$00000012)
    __rt_lib_shutdown_signal_1               0x080002b3   Thumb Code     0  libshutdown2.o(.ARM.Collect$$libshutdown$$0000000C)
    __rt_lib_shutdown_stdio_1                0x080002b3   Thumb Code     0  libshutdown2.o(.ARM.Collect$$libshutdown$$00000006)
    __rt_lib_shutdown_user_alloc_1           0x080002b3   Thumb Code     0  libshutdown2.o(.ARM.Collect$$libshutdown$$0000000E)
    __rt_entry                               0x080002b5   Thumb Code     0  __rtentry.o(.ARM.Collect$$rtentry$$00000000)
    __rt_entry_presh_1                       0x080002b5   Thumb Code     0  __rtentry2.o(.ARM.Collect$$rtentry$$00000002)
    __rt_entry_sh                            0x080002b5   Thumb Code     0  __rtentry4.o(.ARM.Collect$$rtentry$$00000004)
    __rt_entry_li                            0x080002bb   Thumb Code     0  __rtentry2.o(.ARM.Collect$$rtentry$$0000000A)
    __rt_entry_postsh_1                      0x080002bb   Thumb Code     0  __rtentry2.o(.ARM.Collect$$rtentry$$00000009)
    __rt_entry_main                          0x080002bf   Thumb Code     0  __rtentry2.o(.ARM.Collect$$rtentry$$0000000D)
    __rt_entry_postli_1                      0x080002bf   Thumb Code     0  __rtentry2.o(.ARM.Collect$$rtentry$$0000000C)
    __rt_exit                                0x080002c7   Thumb Code     0  rtexit.o(.ARM.Collect$$rtexit$$00000000)
    __rt_exit_ls                             0x080002c9   Thumb Code     0  rtexit2.o(.ARM.Collect$$rtexit$$00000003)
    __rt_exit_prels_1                        0x080002c9   Thumb Code     0  rtexit2.o(.ARM.Collect$$rtexit$$00000002)
    __rt_exit_exit                           0x080002cd   Thumb Code     0  rtexit2.o(.ARM.Collect$$rtexit$$00000004)
    Reset_Handler                            0x080002d5   Thumb Code     8  startup_stm32f40_41xxx.o(.text)
    ADC_IRQHandler                           0x080002ef   Thumb Code     0  startup_stm32f40_41xxx.o(.text)
    CAN1_RX0_IRQHandler                      0x080002ef   Thumb Code     0  startup_stm32f40_41xxx.o(.text)
    CAN1_RX1_IRQHandler                      0x080002ef   Thumb Code     0  startup_stm32f40_41xxx.o(.text)
    CAN1_SCE_IRQHandler                      0x080002ef   Thumb Code     0  startup_stm32f40_41xxx.o(.text)
    CAN1_TX_IRQHandler                       0x080002ef   Thumb Code     0  startup_stm32f40_41xxx.o(.text)
    CAN2_RX0_IRQHandler                      0x080002ef   Thumb Code     0  startup_stm32f40_41xxx.o(.text)
    CAN2_RX1_IRQHandler                      0x080002ef   Thumb Code     0  startup_stm32f40_41xxx.o(.text)
    CAN2_SCE_IRQHandler                      0x080002ef   Thumb Code     0  startup_stm32f40_41xxx.o(.text)
    CAN2_TX_IRQHandler                       0x080002ef   Thumb Code     0  startup_stm32f40_41xxx.o(.text)
    CRYP_IRQHandler                          0x080002ef   Thumb Code     0  startup_stm32f40_41xxx.o(.text)
    DCMI_IRQHandler                          0x080002ef   Thumb Code     0  startup_stm32f40_41xxx.o(.text)
    DMA1_Stream0_IRQHandler                  0x080002ef   Thumb Code     0  startup_stm32f40_41xxx.o(.text)
    DMA1_Stream1_IRQHandler                  0x080002ef   Thumb Code     0  startup_stm32f40_41xxx.o(.text)
    DMA1_Stream2_IRQHandler                  0x080002ef   Thumb Code     0  startup_stm32f40_41xxx.o(.text)
    DMA1_Stream3_IRQHandler                  0x080002ef   Thumb Code     0  startup_stm32f40_41xxx.o(.text)
    DMA1_Stream4_IRQHandler                  0x080002ef   Thumb Code     0  startup_stm32f40_41xxx.o(.text)
    DMA1_Stream5_IRQHandler                  0x080002ef   Thumb Code     0  startup_stm32f40_41xxx.o(.text)
    DMA1_Stream6_IRQHandler                  0x080002ef   Thumb Code     0  startup_stm32f40_41xxx.o(.text)
    DMA1_Stream7_IRQHandler                  0x080002ef   Thumb Code     0  startup_stm32f40_41xxx.o(.text)
    DMA2_Stream0_IRQHandler                  0x080002ef   Thumb Code     0  startup_stm32f40_41xxx.o(.text)
    DMA2_Stream1_IRQHandler                  0x080002ef   Thumb Code     0  startup_stm32f40_41xxx.o(.text)
    DMA2_Stream2_IRQHandler                  0x080002ef   Thumb Code     0  startup_stm32f40_41xxx.o(.text)
    DMA2_Stream3_IRQHandler                  0x080002ef   Thumb Code     0  startup_stm32f40_41xxx.o(.text)
    DMA2_Stream4_IRQHandler                  0x080002ef   Thumb Code     0  startup_stm32f40_41xxx.o(.text)
    DMA2_Stream5_IRQHandler                  0x080002ef   Thumb Code     0  startup_stm32f40_41xxx.o(.text)
    DMA2_Stream6_IRQHandler                  0x080002ef   Thumb Code     0  startup_stm32f40_41xxx.o(.text)
    DMA2_Stream7_IRQHandler                  0x080002ef   Thumb Code     0  startup_stm32f40_41xxx.o(.text)
    ETH_IRQHandler                           0x080002ef   Thumb Code     0  startup_stm32f40_41xxx.o(.text)
    ETH_WKUP_IRQHandler                      0x080002ef   Thumb Code     0  startup_stm32f40_41xxx.o(.text)
    EXTI0_IRQHandler                         0x080002ef   Thumb Code     0  startup_stm32f40_41xxx.o(.text)
    EXTI15_10_IRQHandler                     0x080002ef   Thumb Code     0  startup_stm32f40_41xxx.o(.text)
    EXTI1_IRQHandler                         0x080002ef   Thumb Code     0  startup_stm32f40_41xxx.o(.text)
    EXTI2_IRQHandler                         0x080002ef   Thumb Code     0  startup_stm32f40_41xxx.o(.text)
    EXTI3_IRQHandler                         0x080002ef   Thumb Code     0  startup_stm32f40_41xxx.o(.text)
    EXTI4_IRQHandler                         0x080002ef   Thumb Code     0  startup_stm32f40_41xxx.o(.text)
    EXTI9_5_IRQHandler                       0x080002ef   Thumb Code     0  startup_stm32f40_41xxx.o(.text)
    FLASH_IRQHandler                         0x080002ef   Thumb Code     0  startup_stm32f40_41xxx.o(.text)
    FPU_IRQHandler                           0x080002ef   Thumb Code     0  startup_stm32f40_41xxx.o(.text)
    FSMC_IRQHandler                          0x080002ef   Thumb Code     0  startup_stm32f40_41xxx.o(.text)
    HASH_RNG_IRQHandler                      0x080002ef   Thumb Code     0  startup_stm32f40_41xxx.o(.text)
    I2C1_ER_IRQHandler                       0x080002ef   Thumb Code     0  startup_stm32f40_41xxx.o(.text)
    I2C1_EV_IRQHandler                       0x080002ef   Thumb Code     0  startup_stm32f40_41xxx.o(.text)
    I2C2_ER_IRQHandler                       0x080002ef   Thumb Code     0  startup_stm32f40_41xxx.o(.text)
    I2C2_EV_IRQHandler                       0x080002ef   Thumb Code     0  startup_stm32f40_41xxx.o(.text)
    I2C3_ER_IRQHandler                       0x080002ef   Thumb Code     0  startup_stm32f40_41xxx.o(.text)
    I2C3_EV_IRQHandler                       0x080002ef   Thumb Code     0  startup_stm32f40_41xxx.o(.text)
    OTG_FS_IRQHandler                        0x080002ef   Thumb Code     0  startup_stm32f40_41xxx.o(.text)
    OTG_FS_WKUP_IRQHandler                   0x080002ef   Thumb Code     0  startup_stm32f40_41xxx.o(.text)
    OTG_HS_EP1_IN_IRQHandler                 0x080002ef   Thumb Code     0  startup_stm32f40_41xxx.o(.text)
    OTG_HS_EP1_OUT_IRQHandler                0x080002ef   Thumb Code     0  startup_stm32f40_41xxx.o(.text)
    OTG_HS_IRQHandler                        0x080002ef   Thumb Code     0  startup_stm32f40_41xxx.o(.text)
    OTG_HS_WKUP_IRQHandler                   0x080002ef   Thumb Code     0  startup_stm32f40_41xxx.o(.text)
    PVD_IRQHandler                           0x080002ef   Thumb Code     0  startup_stm32f40_41xxx.o(.text)
    RCC_IRQHandler                           0x080002ef   Thumb Code     0  startup_stm32f40_41xxx.o(.text)
    RTC_Alarm_IRQHandler                     0x080002ef   Thumb Code     0  startup_stm32f40_41xxx.o(.text)
    RTC_WKUP_IRQHandler                      0x080002ef   Thumb Code     0  startup_stm32f40_41xxx.o(.text)
    SDIO_IRQHandler                          0x080002ef   Thumb Code     0  startup_stm32f40_41xxx.o(.text)
    SPI1_IRQHandler                          0x080002ef   Thumb Code     0  startup_stm32f40_41xxx.o(.text)
    SPI2_IRQHandler                          0x080002ef   Thumb Code     0  startup_stm32f40_41xxx.o(.text)
    SPI3_IRQHandler                          0x080002ef   Thumb Code     0  startup_stm32f40_41xxx.o(.text)
    TAMP_STAMP_IRQHandler                    0x080002ef   Thumb Code     0  startup_stm32f40_41xxx.o(.text)
    TIM1_BRK_TIM9_IRQHandler                 0x080002ef   Thumb Code     0  startup_stm32f40_41xxx.o(.text)
    TIM1_CC_IRQHandler                       0x080002ef   Thumb Code     0  startup_stm32f40_41xxx.o(.text)
    TIM1_TRG_COM_TIM11_IRQHandler            0x080002ef   Thumb Code     0  startup_stm32f40_41xxx.o(.text)
    TIM1_UP_TIM10_IRQHandler                 0x080002ef   Thumb Code     0  startup_stm32f40_41xxx.o(.text)
    TIM5_IRQHandler                          0x080002ef   Thumb Code     0  startup_stm32f40_41xxx.o(.text)
    TIM6_DAC_IRQHandler                      0x080002ef   Thumb Code     0  startup_stm32f40_41xxx.o(.text)
    TIM7_IRQHandler                          0x080002ef   Thumb Code     0  startup_stm32f40_41xxx.o(.text)
    TIM8_BRK_TIM12_IRQHandler                0x080002ef   Thumb Code     0  startup_stm32f40_41xxx.o(.text)
    TIM8_CC_IRQHandler                       0x080002ef   Thumb Code     0  startup_stm32f40_41xxx.o(.text)
    TIM8_TRG_COM_TIM14_IRQHandler            0x080002ef   Thumb Code     0  startup_stm32f40_41xxx.o(.text)
    TIM8_UP_TIM13_IRQHandler                 0x080002ef   Thumb Code     0  startup_stm32f40_41xxx.o(.text)
    UART4_IRQHandler                         0x080002ef   Thumb Code     0  startup_stm32f40_41xxx.o(.text)
    UART5_IRQHandler                         0x080002ef   Thumb Code     0  startup_stm32f40_41xxx.o(.text)
    USART6_IRQHandler                        0x080002ef   Thumb Code     0  startup_stm32f40_41xxx.o(.text)
    WWDG_IRQHandler                          0x080002ef   Thumb Code     0  startup_stm32f40_41xxx.o(.text)
    __user_initial_stackheap                 0x080002f1   Thumb Code     0  startup_stm32f40_41xxx.o(.text)
    __use_no_semihosting                     0x08000315   Thumb Code     2  use_no_semi_2.o(.text)
    __c89vsprintf                            0x08000319   Thumb Code    32  c89vsprintf.o(.text)
    __2printf                                0x0800033d   Thumb Code    20  __2printf.o(.text)
    __2sprintf                               0x08000355   Thumb Code    38  __2sprintf.o(.text)
    _printf_str                              0x08000381   Thumb Code    82  _printf_str.o(.text)
    _printf_int_dec                          0x080003d5   Thumb Code   104  _printf_dec.o(.text)
    _printf_longlong_hex                     0x0800044d   Thumb Code    86  _printf_hex_int_ll_ptr.o(.text)
    _printf_int_hex                          0x080004a3   Thumb Code    28  _printf_hex_int_ll_ptr.o(.text)
    _printf_ll_hex                           0x080004bf   Thumb Code    12  _printf_hex_int_ll_ptr.o(.text)
    _printf_hex_ptr                          0x080004cb   Thumb Code    18  _printf_hex_int_ll_ptr.o(.text)
    __printf                                 0x080004e1   Thumb Code   388  __printf_flags_ss_wp.o(.text)
    strstr                                   0x08000669   Thumb Code    36  strstr.o(.text)
    memcmp                                   0x0800068d   Thumb Code    88  memcmp.o(.text)
    strlen                                   0x080006e5   Thumb Code    62  strlen.o(.text)
    __aeabi_memcpy                           0x08000723   Thumb Code     0  rt_memcpy_v6.o(.text)
    __rt_memcpy                              0x08000723   Thumb Code   138  rt_memcpy_v6.o(.text)
    _memcpy_lastbytes                        0x08000789   Thumb Code     0  rt_memcpy_v6.o(.text)
    __aeabi_memclr                           0x080007ad   Thumb Code     0  rt_memclr.o(.text)
    __rt_memclr                              0x080007ad   Thumb Code    68  rt_memclr.o(.text)
    _memset                                  0x080007b1   Thumb Code     0  rt_memclr.o(.text)
    __aeabi_memclr4                          0x080007f1   Thumb Code     0  rt_memclr_w.o(.text)
    __aeabi_memclr8                          0x080007f1   Thumb Code     0  rt_memclr_w.o(.text)
    __rt_memclr_w                            0x080007f1   Thumb Code    78  rt_memclr_w.o(.text)
    _memset_w                                0x080007f5   Thumb Code     0  rt_memclr_w.o(.text)
    strcmp                                   0x08000841   Thumb Code   128  strcmpv7m.o(.text)
    __use_two_region_memory                  0x080008c1   Thumb Code     2  heapauxi.o(.text)
    __rt_heap_escrow$2region                 0x080008c3   Thumb Code     2  heapauxi.o(.text)
    __rt_heap_expand$2region                 0x080008c5   Thumb Code     2  heapauxi.o(.text)
    __I$use$semihosting                      0x080008c7   Thumb Code     0  use_no_semi.o(.text)
    __use_no_semihosting_swi                 0x080008c7   Thumb Code     2  use_no_semi.o(.text)
    _printf_pre_padding                      0x080008c9   Thumb Code    44  _printf_pad.o(.text)
    _printf_post_padding                     0x080008f5   Thumb Code    34  _printf_pad.o(.text)
    _printf_truncate_signed                  0x08000917   Thumb Code    18  _printf_truncate.o(.text)
    _printf_truncate_unsigned                0x08000929   Thumb Code    18  _printf_truncate.o(.text)
    _printf_int_common                       0x0800093b   Thumb Code   178  _printf_intcommon.o(.text)
    _printf_charcount                        0x080009ed   Thumb Code    40  _printf_charcount.o(.text)
    __lib_sel_fp_printf                      0x08000a15   Thumb Code     2  _printf_fp_dec.o(.text)
    _printf_fp_dec_real                      0x08000bc7   Thumb Code   620  _printf_fp_dec.o(.text)
    _printf_char_common                      0x08000e3f   Thumb Code    32  _printf_char_common.o(.text)
    _sputc                                   0x08000e65   Thumb Code    10  _sputc.o(.text)
    _printf_cs_common                        0x08000e6f   Thumb Code    20  _printf_char.o(.text)
    _printf_char                             0x08000e83   Thumb Code    16  _printf_char.o(.text)
    _printf_string                           0x08000e93   Thumb Code     8  _printf_char.o(.text)
    _printf_char_file                        0x08000e9d   Thumb Code    32  _printf_char_file.o(.text)
    _printf_wctomb                           0x08000ec1   Thumb Code   182  _printf_wctomb.o(.text)
    _printf_longlong_dec                     0x08000f7d   Thumb Code   108  _printf_longlong_dec.o(.text)
    _printf_longlong_oct                     0x08000ff9   Thumb Code    66  _printf_oct_int_ll.o(.text)
    _printf_int_oct                          0x0800103b   Thumb Code    24  _printf_oct_int_ll.o(.text)
    _printf_ll_oct                           0x08001053   Thumb Code    12  _printf_oct_int_ll.o(.text)
    __aeabi_memcpy4                          0x08001069   Thumb Code     0  rt_memcpy_w.o(.text)
    __aeabi_memcpy8                          0x08001069   Thumb Code     0  rt_memcpy_w.o(.text)
    __rt_memcpy_w                            0x08001069   Thumb Code   100  rt_memcpy_w.o(.text)
    _memcpy_lastbytes_aligned                0x080010b1   Thumb Code     0  rt_memcpy_w.o(.text)
    __rt_locale                              0x080010cd   Thumb Code     8  rt_locale_intlibspace.o(.text)
    _ll_udiv10                               0x080010d5   Thumb Code   138  lludiv10.o(.text)
    _printf_fp_infnan                        0x08001161   Thumb Code   112  _printf_fp_infnan.o(.text)
    _printf_lcs_common                       0x080011e1   Thumb Code    20  _printf_wchar.o(.text)
    _printf_wchar                            0x080011f5   Thumb Code    16  _printf_wchar.o(.text)
    _printf_wstring                          0x08001205   Thumb Code     8  _printf_wchar.o(.text)
    _btod_etento                             0x0800120d   Thumb Code   224  bigflt0.o(.text)
    ferror                                   0x080012f1   Thumb Code     8  ferror.o(.text)
    _wcrtomb                                 0x080012f9   Thumb Code    64  _wcrtomb.o(.text)
    __user_libspace                          0x08001339   Thumb Code     8  libspace.o(.text)
    __user_perproc_libspace                  0x08001339   Thumb Code     0  libspace.o(.text)
    __user_perthread_libspace                0x08001339   Thumb Code     0  libspace.o(.text)
    __user_setup_stackheap                   0x08001341   Thumb Code    74  sys_stackheap_outer.o(.text)
    __rt_ctype_table                         0x0800138d   Thumb Code    16  rt_ctype_table.o(.text)
    exit                                     0x0800139d   Thumb Code    18  exit.o(.text)
    _btod_d2e                                0x080013af   Thumb Code    62  btod.o(CL$$btod_d2e)
    _d2e_denorm_low                          0x080013ed   Thumb Code    70  btod.o(CL$$btod_d2e_denorm_low)
    _d2e_norm_op1                            0x08001433   Thumb Code    96  btod.o(CL$$btod_d2e_norm_op1)
    __btod_div_common                        0x08001493   Thumb Code   696  btod.o(CL$$btod_div_common)
    _e2e                                     0x080017cb   Thumb Code   220  btod.o(CL$$btod_e2e)
    _btod_ediv                               0x080018a7   Thumb Code    42  btod.o(CL$$btod_ediv)
    _btod_emul                               0x080018d1   Thumb Code    42  btod.o(CL$$btod_emul)
    __btod_mult_common                       0x080018fb   Thumb Code   580  btod.o(CL$$btod_mult_common)
    ADC_Cmd                                  0x08001b3f   Thumb Code    22  stm32f4xx_adc.o(i.ADC_Cmd)
    ADC_CommonInit                           0x08001b55   Thumb Code    34  stm32f4xx_adc.o(i.ADC_CommonInit)
    ADC_DeInit                               0x08001b85   Thumb Code    22  stm32f4xx_adc.o(i.ADC_DeInit)
    ADC_GetConversionValue                   0x08001b9b   Thumb Code     8  stm32f4xx_adc.o(i.ADC_GetConversionValue)
    ADC_GetFlagStatus                        0x08001ba3   Thumb Code    18  stm32f4xx_adc.o(i.ADC_GetFlagStatus)
    ADC_Init                                 0x08001bb5   Thumb Code    74  stm32f4xx_adc.o(i.ADC_Init)
    ADC_RegularChannelConfig                 0x08001c09   Thumb Code   184  stm32f4xx_adc.o(i.ADC_RegularChannelConfig)
    ADC_SoftwareStartConv                    0x08001cc1   Thumb Code    10  stm32f4xx_adc.o(i.ADC_SoftwareStartConv)
    BusFault_Handler                         0x08001ccb   Thumb Code     4  stm32f4xx_it.o(i.BusFault_Handler)
    CMDBuf_Deal                              0x08001cd1   Thumb Code    96  mqtt.o(i.CMDBuf_Deal)
    CommProc                                 0x08001d3d   Thumb Code   700  commun.o(i.CommProc)
    DHT11_Init                               0x0800222d   Thumb Code    54  dht11.o(i.DHT11_Init)
    DHT11_MODE_IN                            0x08002269   Thumb Code    36  dht11.o(i.DHT11_MODE_IN)
    DHT11_MODE_OUT                           0x08002291   Thumb Code    36  dht11.o(i.DHT11_MODE_OUT)
    DebugMon_Handler                         0x080022b9   Thumb Code     2  stm32f4xx_it.o(i.DebugMon_Handler)
    GPIO_Init                                0x080022bb   Thumb Code   144  stm32f4xx_gpio.o(i.GPIO_Init)
    GPIO_PinAFConfig                         0x0800234b   Thumb Code    70  stm32f4xx_gpio.o(i.GPIO_PinAFConfig)
    GPIO_SetBits                             0x08002391   Thumb Code     4  stm32f4xx_gpio.o(i.GPIO_SetBits)
    GPIO_WriteBit                            0x08002395   Thumb Code    10  stm32f4xx_gpio.o(i.GPIO_WriteBit)
    Get_Adc                                  0x080023a1   Thumb Code    42  mq2.o(i.Get_Adc)
    Get_Adc_Average                          0x080023d1   Thumb Code    38  mq2.o(i.Get_Adc_Average)
    Get_Sunlight_Value                       0x080023f9   Thumb Code   110  gy302.o(i.Get_Sunlight_Value)
    HardFault_Handler                        0x08002475   Thumb Code     4  stm32f4xx_it.o(i.HardFault_Handler)
    IICGY302_GPIOInit                        0x08002479   Thumb Code    60  iic_gy302.o(i.IICGY302_GPIOInit)
    IICGY302_RcvByte                         0x080024c1   Thumb Code    80  iic_gy302.o(i.IICGY302_RcvByte)
    IICGY302_SDAModeCH                       0x08002519   Thumb Code    40  iic_gy302.o(i.IICGY302_SDAModeCH)
    IICGY302_SendByte                        0x08002545   Thumb Code    78  iic_gy302.o(i.IICGY302_SendByte)
    IICGY302_Start                           0x0800259d   Thumb Code    48  iic_gy302.o(i.IICGY302_Start)
    IICGY302_Stop                            0x080025d5   Thumb Code    48  iic_gy302.o(i.IICGY302_Stop)
    IICGY302_WriteAck                        0x0800260d   Thumb Code    56  iic_gy302.o(i.IICGY302_WriteAck)
    IICGY302_wait_ACK                        0x0800264d   Thumb Code    64  iic_gy302.o(i.IICGY302_wait_ACK)
    IIC_GPIOInit                             0x08002695   Thumb Code    60  iic.o(i.IIC_GPIOInit)
    IIC_SDAModeCH                            0x080026dd   Thumb Code    40  iic.o(i.IIC_SDAModeCH)
    IIC_SendByte                             0x08002709   Thumb Code    78  iic.o(i.IIC_SendByte)
    IIC_Start                                0x08002761   Thumb Code    48  iic.o(i.IIC_Start)
    IIC_Stop                                 0x08002799   Thumb Code    48  iic.o(i.IIC_Stop)
    IIC_wait_ACK                             0x080027d1   Thumb Code    64  iic.o(i.IIC_wait_ACK)
    IoT_Parameter_Init                       0x08002819   Thumb Code   150  mqtt.o(i.IoT_Parameter_Init)
    LDR_Init                                 0x08002945   Thumb Code    90  lightled.o(i.LDR_Init)
    MQ2_Init                                 0x080029ad   Thumb Code   126  mq2.o(i.MQ2_Init)
    MQTT_Buff_Init                           0x08002a35   Thumb Code    90  mqtt.o(i.MQTT_Buff_Init)
    MQTT_ConectPack                          0x08002ae5   Thumb Code   496  mqtt.o(i.MQTT_ConectPack)
    MQTT_DealPushdata_Qs0                    0x08002cfd   Thumb Code   234  mqtt.o(i.MQTT_DealPushdata_Qs0)
    MQTT_PingREQ                             0x08002e05   Thumb Code    22  mqtt.o(i.MQTT_PingREQ)
    MQTT_PublishQs0                          0x08002e21   Thumb Code   220  mqtt.o(i.MQTT_PublishQs0)
    MQTT_Subscribe                           0x08002f0d   Thumb Code   134  mqtt.o(i.MQTT_Subscribe)
    MemManage_Handler                        0x08002fa5   Thumb Code     4  stm32f4xx_it.o(i.MemManage_Handler)
    Multiple_Read_IICGY302                   0x08002fa9   Thumb Code    54  gy302.o(i.Multiple_Read_IICGY302)
    NMI_Handler                              0x08002fe5   Thumb Code     2  stm32f4xx_it.o(i.NMI_Handler)
    NVIC_Init                                0x08002fe9   Thumb Code   106  misc.o(i.NVIC_Init)
    NVIC_PriorityGroupConfig                 0x08003061   Thumb Code    10  misc.o(i.NVIC_PriorityGroupConfig)
    OLED_Clear                               0x08003075   Thumb Code    64  oled.o(i.OLED_Clear)
    OLED_DisplayString                       0x080030b5   Thumb Code  1004  oled.o(i.OLED_DisplayString)
    OLED_Init                                0x080034a9   Thumb Code   252  oled.o(i.OLED_Init)
    OLED_Menu_Display                        0x080035a5   Thumb Code   140  oled.o(i.OLED_Menu_Display)
    OLED_SetCursorAddrese                    0x0800366d   Thumb Code    42  oled.o(i.OLED_SetCursorAddrese)
    OLED_WR_Byte                             0x08003697   Thumb Code    56  oled.o(i.OLED_WR_Byte)
    PendSV_Handler                           0x080036cf   Thumb Code     2  stm32f4xx_it.o(i.PendSV_Handler)
    RCC_AHB1PeriphClockCmd                   0x080036d1   Thumb Code    26  stm32f4xx_rcc.o(i.RCC_AHB1PeriphClockCmd)
    RCC_APB1PeriphClockCmd                   0x080036f1   Thumb Code    26  stm32f4xx_rcc.o(i.RCC_APB1PeriphClockCmd)
    RCC_APB1PeriphResetCmd                   0x08003711   Thumb Code    26  stm32f4xx_rcc.o(i.RCC_APB1PeriphResetCmd)
    RCC_APB2PeriphClockCmd                   0x08003731   Thumb Code    26  stm32f4xx_rcc.o(i.RCC_APB2PeriphClockCmd)
    RCC_APB2PeriphResetCmd                   0x08003751   Thumb Code    26  stm32f4xx_rcc.o(i.RCC_APB2PeriphResetCmd)
    RCC_GetClocksFreq                        0x08003771   Thumb Code   214  stm32f4xx_rcc.o(i.RCC_GetClocksFreq)
    Read_DHT11                               0x080038ad   Thumb Code   142  dht11.o(i.Read_DHT11)
    SVC_Handler                              0x08003945   Thumb Code     2  stm32f4xx_it.o(i.SVC_Handler)
    SendToServer                             0x08003949   Thumb Code   118  control.o(i.SendToServer)
    Servo_Init                               0x080039f1   Thumb Code    80  servo.o(i.Servo_Init)
    Single_Write_IICGY302                    0x08003b39   Thumb Code    34  gy302.o(i.Single_Write_IICGY302)
    SysTick_CLKSourceConfig                  0x08003b5b   Thumb Code    40  misc.o(i.SysTick_CLKSourceConfig)
    SysTick_Handler                          0x08003b83   Thumb Code     2  stm32f4xx_it.o(i.SysTick_Handler)
    SystemInit                               0x08003b85   Thumb Code    88  system_stm32f4xx.o(i.SystemInit)
    TIM12_PWM_Init                           0x08003bed   Thumb Code   178  servo.o(i.TIM12_PWM_Init)
    TIM13_PWM_Init                           0x08003ca9   Thumb Code   152  servo.o(i.TIM13_PWM_Init)
    TIM14_PWM_Init                           0x08003d49   Thumb Code   152  servo.o(i.TIM14_PWM_Init)
    TIM2_ENABLE_10S                          0x08003de9   Thumb Code   108  timer.o(i.TIM2_ENABLE_10S)
    TIM2_IRQHandler                          0x08003e55   Thumb Code   286  timer_it.o(i.TIM2_IRQHandler)
    TIM3_ENABLE_2S                           0x08003fd5   Thumb Code   106  timer.o(i.TIM3_ENABLE_2S)
    TIM3_ENABLE_30S                          0x08004045   Thumb Code   104  timer.o(i.TIM3_ENABLE_30S)
    TIM3_IRQHandler                          0x080040b1   Thumb Code    94  timer_it.o(i.TIM3_IRQHandler)
    TIM4_IRQHandler                          0x0800411d   Thumb Code   122  timer_it.o(i.TIM4_IRQHandler)
    TIM4_Init                                0x080041b5   Thumb Code    96  timer.o(i.TIM4_Init)
    TIM_ARRPreloadConfig                     0x08004219   Thumb Code    24  stm32f4xx_tim.o(i.TIM_ARRPreloadConfig)
    TIM_ClearITPendingBit                    0x08004231   Thumb Code     6  stm32f4xx_tim.o(i.TIM_ClearITPendingBit)
    TIM_Cmd                                  0x08004237   Thumb Code    24  stm32f4xx_tim.o(i.TIM_Cmd)
    TIM_DeInit                               0x08004251   Thumb Code   346  stm32f4xx_tim.o(i.TIM_DeInit)
    TIM_GetITStatus                          0x080043e1   Thumb Code    34  stm32f4xx_tim.o(i.TIM_GetITStatus)
    TIM_ITConfig                             0x08004403   Thumb Code    18  stm32f4xx_tim.o(i.TIM_ITConfig)
    TIM_OC1Init                              0x08004415   Thumb Code   114  stm32f4xx_tim.o(i.TIM_OC1Init)
    TIM_OC1PreloadConfig                     0x08004491   Thumb Code    18  stm32f4xx_tim.o(i.TIM_OC1PreloadConfig)
    TIM_OC2Init                              0x080044a5   Thumb Code   154  stm32f4xx_tim.o(i.TIM_OC2Init)
    TIM_OC2PreloadConfig                     0x08004549   Thumb Code    26  stm32f4xx_tim.o(i.TIM_OC2PreloadConfig)
    TIM_SetCompare1                          0x08004563   Thumb Code     4  stm32f4xx_tim.o(i.TIM_SetCompare1)
    TIM_SetCompare2                          0x08004567   Thumb Code     4  stm32f4xx_tim.o(i.TIM_SetCompare2)
    TIM_SetCounter                           0x0800456b   Thumb Code     4  stm32f4xx_tim.o(i.TIM_SetCounter)
    TIM_TimeBaseInit                         0x08004571   Thumb Code   104  stm32f4xx_tim.o(i.TIM_TimeBaseInit)
    TxDataBuf_Deal                           0x080045f5   Thumb Code    86  mqtt.o(i.TxDataBuf_Deal)
    USART1_IRQHandler                        0x08004659   Thumb Code   122  usart.o(i.USART1_IRQHandler)
    USART2_IRQHandler                        0x080046e1   Thumb Code   104  timer_it.o(i.USART2_IRQHandler)
    USART3_IRQHandler                        0x0800475d   Thumb Code    26  yuyin.o(i.USART3_IRQHandler)
    USART3_SendData                          0x08004781   Thumb Code    22  yuyin.o(i.USART3_SendData)
    USART3_SendString                        0x0800479d   Thumb Code    28  yuyin.o(i.USART3_SendString)
    USART_ClearFlag                          0x080047b9   Thumb Code    18  stm32f4xx_usart.o(i.USART_ClearFlag)
    USART_Cmd                                0x080047cb   Thumb Code    24  stm32f4xx_usart.o(i.USART_Cmd)
    USART_GetITStatus                        0x080047e3   Thumb Code    84  stm32f4xx_usart.o(i.USART_GetITStatus)
    USART_ITConfig                           0x08004837   Thumb Code    74  stm32f4xx_usart.o(i.USART_ITConfig)
    USART_Init                               0x08004881   Thumb Code   204  stm32f4xx_usart.o(i.USART_Init)
    USART_ReceiveData                        0x08004955   Thumb Code    10  stm32f4xx_usart.o(i.USART_ReceiveData)
    UsageFault_Handler                       0x0800495f   Thumb Code     4  stm32f4xx_it.o(i.UsageFault_Handler)
    Usart2_Init                              0x08004965   Thumb Code   170  usart2.o(i.Usart2_Init)
    Usart3_Init                              0x08004a19   Thumb Code   172  yuyin.o(i.Usart3_Init)
    WiFi_Connect_IoTServer                   0x08004acd   Thumb Code   232  wifi.o(i.WiFi_Connect_IoTServer)
    WiFi_Connect_Server                      0x08004dbd   Thumb Code   190  wifi.o(i.WiFi_Connect_Server)
    WiFi_JoinAP                              0x08004f11   Thumb Code    88  wifi.o(i.WiFi_JoinAP)
    WiFi_Reset                               0x08004fb9   Thumb Code    88  wifi.o(i.WiFi_Reset)
    WiFi_ResetIO_Init                        0x08005029   Thumb Code    58  wifi.o(i.WiFi_ResetIO_Init)
    WiFi_SendCmd                             0x08005069   Thumb Code    86  wifi.o(i.WiFi_SendCmd)
    __ARM_fpclassify                         0x080050dd   Thumb Code    48  fpclassify.o(i.__ARM_fpclassify)
    _is_digit                                0x0800510d   Thumb Code    14  __printf_wp.o(i._is_digit)
    _sys_exit                                0x0800511b   Thumb Code     4  usart.o(i._sys_exit)
    delay_init                               0x08005121   Thumb Code    52  delay.o(i.delay_init)
    delay_ms                                 0x0800515d   Thumb Code    56  delay.o(i.delay_ms)
    delay_us                                 0x08005195   Thumb Code    72  delay.o(i.delay_us)
    delay_xms                                0x080051e1   Thumb Code    72  delay.o(i.delay_xms)
    fputc                                    0x0800522d   Thumb Code    22  usart.o(i.fputc)
    ldr_work                                 0x08005249   Thumb Code    62  lightled.o(i.ldr_work)
    main                                     0x080052a9   Thumb Code   110  main.o(i.main)
    mq2Proc                                  0x08005319   Thumb Code    80  mq2.o(i.mq2Proc)
    sunlightProc                             0x0800537d   Thumb Code    38  gy302.o(i.sunlightProc)
    u2_TxData                                0x080053a9   Thumb Code    58  usart2.o(i.u2_TxData)
    u2_printf                                0x080053e9   Thumb Code    84  usart2.o(i.u2_printf)
    uart_init                                0x08005445   Thumb Code   164  usart.o(i.uart_init)
    yuyinProc                                0x080054f1   Thumb Code   252  yuyin.o(i.yuyinProc)
    _get_lc_numeric                          0x08005645   Thumb Code    44  lc_numeric_c.o(locale$$code)
    _get_lc_ctype                            0x08005671   Thumb Code    44  lc_ctype_c.o(locale$$code)
    __aeabi_d2f                              0x0800569d   Thumb Code     0  d2f.o(x$fpl$d2f)
    _d2f                                     0x0800569d   Thumb Code    98  d2f.o(x$fpl$d2f)
    __aeabi_dadd                             0x08005701   Thumb Code     0  daddsub_clz.o(x$fpl$dadd)
    _dadd                                    0x08005701   Thumb Code   332  daddsub_clz.o(x$fpl$dadd)
    __aeabi_ddiv                             0x08005851   Thumb Code     0  ddiv.o(x$fpl$ddiv)
    _ddiv                                    0x08005851   Thumb Code   552  ddiv.o(x$fpl$ddiv)
    __aeabi_d2uiz                            0x08005b01   Thumb Code     0  dfixu.o(x$fpl$dfixu)
    _dfixu                                   0x08005b01   Thumb Code    90  dfixu.o(x$fpl$dfixu)
    __aeabi_i2d                              0x08005b5b   Thumb Code     0  dflt_clz.o(x$fpl$dflt)
    _dflt                                    0x08005b5b   Thumb Code    46  dflt_clz.o(x$fpl$dflt)
    __aeabi_dmul                             0x08005b89   Thumb Code     0  dmul.o(x$fpl$dmul)
    _dmul                                    0x08005b89   Thumb Code   332  dmul.o(x$fpl$dmul)
    __fpl_dnaninf                            0x08005cdd   Thumb Code   156  dnaninf.o(x$fpl$dnaninf)
    __fpl_dretinf                            0x08005d79   Thumb Code    12  dretinf.o(x$fpl$dretinf)
    __aeabi_dsub                             0x08005d85   Thumb Code     0  daddsub_clz.o(x$fpl$dsub)
    _dsub                                    0x08005d85   Thumb Code   464  daddsub_clz.o(x$fpl$dsub)
    __aeabi_f2d                              0x08005f59   Thumb Code     0  f2d.o(x$fpl$f2d)
    _f2d                                     0x08005f59   Thumb Code    86  f2d.o(x$fpl$f2d)
    __fpl_fnaninf                            0x08005faf   Thumb Code   140  fnaninf.o(x$fpl$fnaninf)
    _fp_init                                 0x0800603b   Thumb Code    10  fpinit.o(x$fpl$fpinit)
    __fplib_config_fpu_vfp                   0x08006043   Thumb Code     0  fpinit.o(x$fpl$fpinit)
    __fplib_config_pureend_doubles           0x08006043   Thumb Code     0  fpinit.o(x$fpl$fpinit)
    __fpl_fretinf                            0x08006045   Thumb Code    10  fretinf.o(x$fpl$fretinf)
    _printf_fp_dec                           0x0800604f   Thumb Code     4  printf1.o(x$fpl$printf1)
    ASCII_8_16                               0x08006052   Data        1520  oled.o(.constdata)
    __I$use$fp                               0x08006052   Number         0  usenofp.o(x$fpl$usenofp)
    ChineseFont_16_16                        0x08006642   Data        1856  oled.o(.constdata)
    Region$$Table$$Base                      0x08006e78   Number         0  anon$$obj.o(Region$$Table)
    Region$$Table$$Limit                     0x08006e98   Number         0  anon$$obj.o(Region$$Table)
    __ctype                                  0x08006ec1   Data           0  lc_ctype_c.o(locale$$data)
    cmdLED_On                                0x20000000   Data           4  main.o(.data)
    cmdLED_Off                               0x20000004   Data           4  main.o(.data)
    cmdDHT11_On                              0x20000008   Data           4  main.o(.data)
    cmdDHT11_Off                             0x2000000c   Data           4  main.o(.data)
    ledFlag                                  0x20000010   Data           4  main.o(.data)
    dhtFlag                                  0x20000014   Data           4  main.o(.data)
    LEDSTATUS                                0x20000018   Data           4  lightled.o(.data)
    sendfalg                                 0x2000001c   Data           4  lightled.o(.data)
    MQ2_Value                                0x20000020   Data           2  mq2.o(.data)
    DHT11_DATA                               0x20000022   Data           5  dht11.o(.data)
    BUF                                      0x20000028   Data           3  gy302.o(.data)
    LightData                                0x2000002c   Data           4  gy302.o(.data)
    MQTT_RxDataInPtr                         0x20000030   Data           4  mqtt.o(.data)
    MQTT_RxDataOutPtr                        0x20000034   Data           4  mqtt.o(.data)
    MQTT_RxDataEndPtr                        0x20000038   Data           4  mqtt.o(.data)
    MQTT_TxDataInPtr                         0x2000003c   Data           4  mqtt.o(.data)
    MQTT_TxDataOutPtr                        0x20000040   Data           4  mqtt.o(.data)
    MQTT_TxDataEndPtr                        0x20000044   Data           4  mqtt.o(.data)
    MQTT_CMDInPtr                            0x20000048   Data           4  mqtt.o(.data)
    MQTT_CMDOutPtr                           0x2000004c   Data           4  mqtt.o(.data)
    MQTT_CMDEndPtr                           0x20000050   Data           4  mqtt.o(.data)
    ClientID_len                             0x20000054   Data           4  mqtt.o(.data)
    Username_len                             0x20000058   Data           4  mqtt.o(.data)
    Passward_len                             0x2000005c   Data           4  mqtt.o(.data)
    ServerPort                               0x20000060   Data           4  mqtt.o(.data)
    Fixed_len                                0x20000064   Data           4  mqtt.o(.data)
    Variable_len                             0x20000068   Data           4  mqtt.o(.data)
    Payload_len                              0x2000006c   Data           4  mqtt.o(.data)
    pingFlag                                 0x20000070   Data           1  mqtt.o(.data)
    connectFlag                              0x20000071   Data           1  mqtt.o(.data)
    connectPackFlag                          0x20000072   Data           1  mqtt.o(.data)
    subcribePackFlag                         0x20000073   Data           1  mqtt.o(.data)
    Usart2_RxCompleted                       0x20000074   Data           1  usart2.o(.data)
    Usart2_RxCounter                         0x20000078   Data           4  usart2.o(.data)
    wifi_mode                                0x2000007c   Data           1  wifi.o(.data)
    YUYINRXDATA                              0x2000007d   Data           1  yuyin.o(.data)
    __stdout                                 0x20000084   Data           4  usart.o(.data)
    USART_RX_STA                             0x20000088   Data           2  usart.o(.data)
    MQTT_RxDataBuf                           0x2000009c   Data        1500  mqtt.o(.bss)
    MQTT_TxDataBuf                           0x20000678   Data        1500  mqtt.o(.bss)
    MQTT_CMDBuf                              0x20000c54   Data        1500  mqtt.o(.bss)
    ClientID                                 0x20001230   Data         128  mqtt.o(.bss)
    Username                                 0x200012b0   Data         128  mqtt.o(.bss)
    Passward                                 0x20001330   Data         128  mqtt.o(.bss)
    ServerIP                                 0x200013b0   Data         128  mqtt.o(.bss)
    temp_buff                                0x20001430   Data         300  mqtt.o(.bss)
    Usart2_RxBuff                            0x20001560   Data        1024  usart2.o(.bss)
    USART2_TxBuff                            0x20001960   Data        1024  usart2.o(.bss)
    USART_RX_BUF                             0x20001d60   Data         200  usart.o(.bss)
    __libspace_start                         0x20001e28   Data          96  libspace.o(.bss)
    __temporary_stack_top$libspace           0x20001e88   Data           0  libspace.o(.bss)



==============================================================================

Memory Map of the image

  Image Entry point : 0x08000189

  Load Region LR_IROM1 (Base: 0x08000000, Size: 0x00007060, Max: 0x00100000, ABSOLUTE)

    Execution Region ER_IROM1 (Exec base: 0x08000000, Load base: 0x08000000, Size: 0x00006fc4, Max: 0x00100000, ABSOLUTE)

    Exec Addr    Load Addr    Size         Type   Attr      Idx    E Section Name        Object

    0x08000000   0x08000000   0x00000188   Data   RO         1358    RESET               startup_stm32f40_41xxx.o
    0x08000188   0x08000188   0x00000008   Code   RO         3420  * !!!main             c_w.l(__main.o)
    0x08000190   0x08000190   0x00000034   Code   RO         3719    !!!scatter          c_w.l(__scatter.o)
    0x080001c4   0x080001c4   0x0000001a   Code   RO         3721    !!handler_copy      c_w.l(__scatter_copy.o)
    0x080001de   0x080001de   0x00000002   PAD
    0x080001e0   0x080001e0   0x0000001c   Code   RO         3723    !!handler_zi        c_w.l(__scatter_zi.o)
    0x080001fc   0x080001fc   0x00000000   Code   RO         3403    .ARM.Collect$$_printf_percent$$00000000  c_w.l(_printf_percent.o)
    0x080001fc   0x080001fc   0x00000006   Code   RO         3482    .ARM.Collect$$_printf_percent$$00000001  c_w.l(_printf_n.o)
    0x08000202   0x08000202   0x00000006   Code   RO         3483    .ARM.Collect$$_printf_percent$$00000002  c_w.l(_printf_p.o)
    0x08000208   0x08000208   0x00000006   Code   RO         3402    .ARM.Collect$$_printf_percent$$00000003  c_w.l(_printf_f.o)
    0x0800020e   0x0800020e   0x00000006   Code   RO         3487    .ARM.Collect$$_printf_percent$$00000004  c_w.l(_printf_e.o)
    0x08000214   0x08000214   0x00000006   Code   RO         3488    .ARM.Collect$$_printf_percent$$00000005  c_w.l(_printf_g.o)
    0x0800021a   0x0800021a   0x00000006   Code   RO         3489    .ARM.Collect$$_printf_percent$$00000006  c_w.l(_printf_a.o)
    0x08000220   0x08000220   0x0000000a   Code   RO         3494    .ARM.Collect$$_printf_percent$$00000007  c_w.l(_printf_ll.o)
    0x0800022a   0x0800022a   0x00000006   Code   RO         3485    .ARM.Collect$$_printf_percent$$00000008  c_w.l(_printf_i.o)
    0x08000230   0x08000230   0x00000006   Code   RO         3401    .ARM.Collect$$_printf_percent$$00000009  c_w.l(_printf_d.o)
    0x08000236   0x08000236   0x00000006   Code   RO         3486    .ARM.Collect$$_printf_percent$$0000000A  c_w.l(_printf_u.o)
    0x0800023c   0x0800023c   0x00000006   Code   RO         3484    .ARM.Collect$$_printf_percent$$0000000B  c_w.l(_printf_o.o)
    0x08000242   0x08000242   0x00000006   Code   RO         3400    .ARM.Collect$$_printf_percent$$0000000C  c_w.l(_printf_x.o)
    0x08000248   0x08000248   0x00000006   Code   RO         3491    .ARM.Collect$$_printf_percent$$0000000D  c_w.l(_printf_lli.o)
    0x0800024e   0x0800024e   0x00000006   Code   RO         3492    .ARM.Collect$$_printf_percent$$0000000E  c_w.l(_printf_lld.o)
    0x08000254   0x08000254   0x00000006   Code   RO         3493    .ARM.Collect$$_printf_percent$$0000000F  c_w.l(_printf_llu.o)
    0x0800025a   0x0800025a   0x00000006   Code   RO         3498    .ARM.Collect$$_printf_percent$$00000010  c_w.l(_printf_llo.o)
    0x08000260   0x08000260   0x00000006   Code   RO         3499    .ARM.Collect$$_printf_percent$$00000011  c_w.l(_printf_llx.o)
    0x08000266   0x08000266   0x0000000a   Code   RO         3495    .ARM.Collect$$_printf_percent$$00000012  c_w.l(_printf_l.o)
    0x08000270   0x08000270   0x00000006   Code   RO         3398    .ARM.Collect$$_printf_percent$$00000013  c_w.l(_printf_c.o)
    0x08000276   0x08000276   0x00000006   Code   RO         3399    .ARM.Collect$$_printf_percent$$00000014  c_w.l(_printf_s.o)
    0x0800027c   0x0800027c   0x00000006   Code   RO         3496    .ARM.Collect$$_printf_percent$$00000015  c_w.l(_printf_lc.o)
    0x08000282   0x08000282   0x00000006   Code   RO         3497    .ARM.Collect$$_printf_percent$$00000016  c_w.l(_printf_ls.o)
    0x08000288   0x08000288   0x00000004   Code   RO         3490    .ARM.Collect$$_printf_percent$$00000017  c_w.l(_printf_percent_end.o)
    0x0800028c   0x0800028c   0x00000002   Code   RO         3591    .ARM.Collect$$libinit$$00000000  c_w.l(libinit.o)
    0x0800028e   0x0800028e   0x00000004   Code   RO         3592    .ARM.Collect$$libinit$$00000001  c_w.l(libinit2.o)
    0x08000292   0x08000292   0x00000000   Code   RO         3595    .ARM.Collect$$libinit$$00000004  c_w.l(libinit2.o)
    0x08000292   0x08000292   0x00000000   Code   RO         3598    .ARM.Collect$$libinit$$0000000A  c_w.l(libinit2.o)
    0x08000292   0x08000292   0x00000000   Code   RO         3600    .ARM.Collect$$libinit$$0000000C  c_w.l(libinit2.o)
    0x08000292   0x08000292   0x00000000   Code   RO         3602    .ARM.Collect$$libinit$$0000000E  c_w.l(libinit2.o)
    0x08000292   0x08000292   0x00000006   Code   RO         3603    .ARM.Collect$$libinit$$0000000F  c_w.l(libinit2.o)
    0x08000298   0x08000298   0x00000000   Code   RO         3605    .ARM.Collect$$libinit$$00000011  c_w.l(libinit2.o)
    0x08000298   0x08000298   0x0000000c   Code   RO         3606    .ARM.Collect$$libinit$$00000012  c_w.l(libinit2.o)
    0x080002a4   0x080002a4   0x00000000   Code   RO         3607    .ARM.Collect$$libinit$$00000013  c_w.l(libinit2.o)
    0x080002a4   0x080002a4   0x00000000   Code   RO         3609    .ARM.Collect$$libinit$$00000015  c_w.l(libinit2.o)
    0x080002a4   0x080002a4   0x0000000a   Code   RO         3610    .ARM.Collect$$libinit$$00000016  c_w.l(libinit2.o)
    0x080002ae   0x080002ae   0x00000000   Code   RO         3611    .ARM.Collect$$libinit$$00000017  c_w.l(libinit2.o)
    0x080002ae   0x080002ae   0x00000000   Code   RO         3613    .ARM.Collect$$libinit$$00000019  c_w.l(libinit2.o)
    0x080002ae   0x080002ae   0x00000000   Code   RO         3615    .ARM.Collect$$libinit$$0000001B  c_w.l(libinit2.o)
    0x080002ae   0x080002ae   0x00000000   Code   RO         3617    .ARM.Collect$$libinit$$0000001D  c_w.l(libinit2.o)
    0x080002ae   0x080002ae   0x00000000   Code   RO         3619    .ARM.Collect$$libinit$$0000001F  c_w.l(libinit2.o)
    0x080002ae   0x080002ae   0x00000000   Code   RO         3621    .ARM.Collect$$libinit$$00000021  c_w.l(libinit2.o)
    0x080002ae   0x080002ae   0x00000000   Code   RO         3623    .ARM.Collect$$libinit$$00000023  c_w.l(libinit2.o)
    0x080002ae   0x080002ae   0x00000000   Code   RO         3625    .ARM.Collect$$libinit$$00000025  c_w.l(libinit2.o)
    0x080002ae   0x080002ae   0x00000000   Code   RO         3629    .ARM.Collect$$libinit$$0000002C  c_w.l(libinit2.o)
    0x080002ae   0x080002ae   0x00000000   Code   RO         3631    .ARM.Collect$$libinit$$0000002E  c_w.l(libinit2.o)
    0x080002ae   0x080002ae   0x00000000   Code   RO         3633    .ARM.Collect$$libinit$$00000030  c_w.l(libinit2.o)
    0x080002ae   0x080002ae   0x00000000   Code   RO         3635    .ARM.Collect$$libinit$$00000032  c_w.l(libinit2.o)
    0x080002ae   0x080002ae   0x00000002   Code   RO         3636    .ARM.Collect$$libinit$$00000033  c_w.l(libinit2.o)
    0x080002b0   0x080002b0   0x00000002   Code   RO         3667    .ARM.Collect$$libshutdown$$00000000  c_w.l(libshutdown.o)
    0x080002b2   0x080002b2   0x00000000   Code   RO         3676    .ARM.Collect$$libshutdown$$00000002  c_w.l(libshutdown2.o)
    0x080002b2   0x080002b2   0x00000000   Code   RO         3678    .ARM.Collect$$libshutdown$$00000004  c_w.l(libshutdown2.o)
    0x080002b2   0x080002b2   0x00000000   Code   RO         3680    .ARM.Collect$$libshutdown$$00000006  c_w.l(libshutdown2.o)
    0x080002b2   0x080002b2   0x00000000   Code   RO         3683    .ARM.Collect$$libshutdown$$00000009  c_w.l(libshutdown2.o)
    0x080002b2   0x080002b2   0x00000000   Code   RO         3686    .ARM.Collect$$libshutdown$$0000000C  c_w.l(libshutdown2.o)
    0x080002b2   0x080002b2   0x00000000   Code   RO         3688    .ARM.Collect$$libshutdown$$0000000E  c_w.l(libshutdown2.o)
    0x080002b2   0x080002b2   0x00000000   Code   RO         3691    .ARM.Collect$$libshutdown$$00000011  c_w.l(libshutdown2.o)
    0x080002b2   0x080002b2   0x00000002   Code   RO         3692    .ARM.Collect$$libshutdown$$00000012  c_w.l(libshutdown2.o)
    0x080002b4   0x080002b4   0x00000000   Code   RO         3452    .ARM.Collect$$rtentry$$00000000  c_w.l(__rtentry.o)
    0x080002b4   0x080002b4   0x00000000   Code   RO         3512    .ARM.Collect$$rtentry$$00000002  c_w.l(__rtentry2.o)
    0x080002b4   0x080002b4   0x00000006   Code   RO         3524    .ARM.Collect$$rtentry$$00000004  c_w.l(__rtentry4.o)
    0x080002ba   0x080002ba   0x00000000   Code   RO         3514    .ARM.Collect$$rtentry$$00000009  c_w.l(__rtentry2.o)
    0x080002ba   0x080002ba   0x00000004   Code   RO         3515    .ARM.Collect$$rtentry$$0000000A  c_w.l(__rtentry2.o)
    0x080002be   0x080002be   0x00000000   Code   RO         3517    .ARM.Collect$$rtentry$$0000000C  c_w.l(__rtentry2.o)
    0x080002be   0x080002be   0x00000008   Code   RO         3518    .ARM.Collect$$rtentry$$0000000D  c_w.l(__rtentry2.o)
    0x080002c6   0x080002c6   0x00000002   Code   RO         3637    .ARM.Collect$$rtexit$$00000000  c_w.l(rtexit.o)
    0x080002c8   0x080002c8   0x00000000   Code   RO         3647    .ARM.Collect$$rtexit$$00000002  c_w.l(rtexit2.o)
    0x080002c8   0x080002c8   0x00000004   Code   RO         3648    .ARM.Collect$$rtexit$$00000003  c_w.l(rtexit2.o)
    0x080002cc   0x080002cc   0x00000006   Code   RO         3649    .ARM.Collect$$rtexit$$00000004  c_w.l(rtexit2.o)
    0x080002d2   0x080002d2   0x00000002   PAD
    0x080002d4   0x080002d4   0x00000040   Code   RO         1359    .text               startup_stm32f40_41xxx.o
    0x08000314   0x08000314   0x00000002   Code   RO         3339    .text               c_w.l(use_no_semi_2.o)
    0x08000316   0x08000316   0x00000002   PAD
    0x08000318   0x08000318   0x00000024   Code   RO         3341    .text               c_w.l(c89vsprintf.o)
    0x0800033c   0x0800033c   0x00000018   Code   RO         3343    .text               c_w.l(__2printf.o)
    0x08000354   0x08000354   0x0000002c   Code   RO         3345    .text               c_w.l(__2sprintf.o)
    0x08000380   0x08000380   0x00000052   Code   RO         3353    .text               c_w.l(_printf_str.o)
    0x080003d2   0x080003d2   0x00000002   PAD
    0x080003d4   0x080003d4   0x00000078   Code   RO         3355    .text               c_w.l(_printf_dec.o)
    0x0800044c   0x0800044c   0x00000094   Code   RO         3375    .text               c_w.l(_printf_hex_int_ll_ptr.o)
    0x080004e0   0x080004e0   0x00000188   Code   RO         3395    .text               c_w.l(__printf_flags_ss_wp.o)
    0x08000668   0x08000668   0x00000024   Code   RO         3404    .text               c_w.l(strstr.o)
    0x0800068c   0x0800068c   0x00000058   Code   RO         3406    .text               c_w.l(memcmp.o)
    0x080006e4   0x080006e4   0x0000003e   Code   RO         3408    .text               c_w.l(strlen.o)
    0x08000722   0x08000722   0x0000008a   Code   RO         3410    .text               c_w.l(rt_memcpy_v6.o)
    0x080007ac   0x080007ac   0x00000044   Code   RO         3412    .text               c_w.l(rt_memclr.o)
    0x080007f0   0x080007f0   0x0000004e   Code   RO         3414    .text               c_w.l(rt_memclr_w.o)
    0x0800083e   0x0800083e   0x00000002   PAD
    0x08000840   0x08000840   0x00000080   Code   RO         3416    .text               c_w.l(strcmpv7m.o)
    0x080008c0   0x080008c0   0x00000006   Code   RO         3418    .text               c_w.l(heapauxi.o)
    0x080008c6   0x080008c6   0x00000002   Code   RO         3450    .text               c_w.l(use_no_semi.o)
    0x080008c8   0x080008c8   0x0000004e   Code   RO         3453    .text               c_w.l(_printf_pad.o)
    0x08000916   0x08000916   0x00000024   Code   RO         3455    .text               c_w.l(_printf_truncate.o)
    0x0800093a   0x0800093a   0x000000b2   Code   RO         3457    .text               c_w.l(_printf_intcommon.o)
    0x080009ec   0x080009ec   0x00000028   Code   RO         3459    .text               c_w.l(_printf_charcount.o)
    0x08000a14   0x08000a14   0x0000041e   Code   RO         3461    .text               c_w.l(_printf_fp_dec.o)
    0x08000e32   0x08000e32   0x00000002   PAD
    0x08000e34   0x08000e34   0x00000030   Code   RO         3463    .text               c_w.l(_printf_char_common.o)
    0x08000e64   0x08000e64   0x0000000a   Code   RO         3465    .text               c_w.l(_sputc.o)
    0x08000e6e   0x08000e6e   0x0000002c   Code   RO         3467    .text               c_w.l(_printf_char.o)
    0x08000e9a   0x08000e9a   0x00000002   PAD
    0x08000e9c   0x08000e9c   0x00000024   Code   RO         3469    .text               c_w.l(_printf_char_file.o)
    0x08000ec0   0x08000ec0   0x000000bc   Code   RO         3471    .text               c_w.l(_printf_wctomb.o)
    0x08000f7c   0x08000f7c   0x0000007c   Code   RO         3474    .text               c_w.l(_printf_longlong_dec.o)
    0x08000ff8   0x08000ff8   0x00000070   Code   RO         3480    .text               c_w.l(_printf_oct_int_ll.o)
    0x08001068   0x08001068   0x00000064   Code   RO         3500    .text               c_w.l(rt_memcpy_w.o)
    0x080010cc   0x080010cc   0x00000008   Code   RO         3529    .text               c_w.l(rt_locale_intlibspace.o)
    0x080010d4   0x080010d4   0x0000008a   Code   RO         3531    .text               c_w.l(lludiv10.o)
    0x0800115e   0x0800115e   0x00000002   PAD
    0x08001160   0x08001160   0x00000080   Code   RO         3533    .text               c_w.l(_printf_fp_infnan.o)
    0x080011e0   0x080011e0   0x0000002c   Code   RO         3537    .text               c_w.l(_printf_wchar.o)
    0x0800120c   0x0800120c   0x000000e4   Code   RO         3539    .text               c_w.l(bigflt0.o)
    0x080012f0   0x080012f0   0x00000008   Code   RO         3564    .text               c_w.l(ferror.o)
    0x080012f8   0x080012f8   0x00000040   Code   RO         3568    .text               c_w.l(_wcrtomb.o)
    0x08001338   0x08001338   0x00000008   Code   RO         3577    .text               c_w.l(libspace.o)
    0x08001340   0x08001340   0x0000004a   Code   RO         3580    .text               c_w.l(sys_stackheap_outer.o)
    0x0800138a   0x0800138a   0x00000002   PAD
    0x0800138c   0x0800138c   0x00000010   Code   RO         3582    .text               c_w.l(rt_ctype_table.o)
    0x0800139c   0x0800139c   0x00000012   Code   RO         3584    .text               c_w.l(exit.o)
    0x080013ae   0x080013ae   0x0000003e   Code   RO         3542    CL$$btod_d2e        c_w.l(btod.o)
    0x080013ec   0x080013ec   0x00000046   Code   RO         3544    CL$$btod_d2e_denorm_low  c_w.l(btod.o)
    0x08001432   0x08001432   0x00000060   Code   RO         3543    CL$$btod_d2e_norm_op1  c_w.l(btod.o)
    0x08001492   0x08001492   0x00000338   Code   RO         3552    CL$$btod_div_common  c_w.l(btod.o)
    0x080017ca   0x080017ca   0x000000dc   Code   RO         3549    CL$$btod_e2e        c_w.l(btod.o)
    0x080018a6   0x080018a6   0x0000002a   Code   RO         3546    CL$$btod_ediv       c_w.l(btod.o)
    0x080018d0   0x080018d0   0x0000002a   Code   RO         3545    CL$$btod_emul       c_w.l(btod.o)
    0x080018fa   0x080018fa   0x00000244   Code   RO         3551    CL$$btod_mult_common  c_w.l(btod.o)
    0x08001b3e   0x08001b3e   0x00000016   Code   RO         2091    i.ADC_Cmd           stm32f4xx_adc.o
    0x08001b54   0x08001b54   0x00000030   Code   RO         2092    i.ADC_CommonInit    stm32f4xx_adc.o
    0x08001b84   0x08001b84   0x00000016   Code   RO         2097    i.ADC_DeInit        stm32f4xx_adc.o
    0x08001b9a   0x08001b9a   0x00000008   Code   RO         2103    i.ADC_GetConversionValue  stm32f4xx_adc.o
    0x08001ba2   0x08001ba2   0x00000012   Code   RO         2104    i.ADC_GetFlagStatus  stm32f4xx_adc.o
    0x08001bb4   0x08001bb4   0x00000054   Code   RO         2111    i.ADC_Init          stm32f4xx_adc.o
    0x08001c08   0x08001c08   0x000000b8   Code   RO         2116    i.ADC_RegularChannelConfig  stm32f4xx_adc.o
    0x08001cc0   0x08001cc0   0x0000000a   Code   RO         2118    i.ADC_SoftwareStartConv  stm32f4xx_adc.o
    0x08001cca   0x08001cca   0x00000004   Code   RO          211    i.BusFault_Handler  stm32f4xx_it.o
    0x08001cce   0x08001cce   0x00000002   PAD
    0x08001cd0   0x08001cd0   0x0000006c   Code   RO          969    i.CMDBuf_Deal       mqtt.o
    0x08001d3c   0x08001d3c   0x000004f0   Code   RO          471    i.CommProc          commun.o
    0x0800222c   0x0800222c   0x0000003c   Code   RO          504    i.DHT11_Init        dht11.o
    0x08002268   0x08002268   0x00000028   Code   RO          505    i.DHT11_MODE_IN     dht11.o
    0x08002290   0x08002290   0x00000028   Code   RO          506    i.DHT11_MODE_OUT    dht11.o
    0x080022b8   0x080022b8   0x00000002   Code   RO          212    i.DebugMon_Handler  stm32f4xx_it.o
    0x080022ba   0x080022ba   0x00000090   Code   RO         1410    i.GPIO_Init         stm32f4xx_gpio.o
    0x0800234a   0x0800234a   0x00000046   Code   RO         1411    i.GPIO_PinAFConfig  stm32f4xx_gpio.o
    0x08002390   0x08002390   0x00000004   Code   RO         1418    i.GPIO_SetBits      stm32f4xx_gpio.o
    0x08002394   0x08002394   0x0000000a   Code   RO         1422    i.GPIO_WriteBit     stm32f4xx_gpio.o
    0x0800239e   0x0800239e   0x00000002   PAD
    0x080023a0   0x080023a0   0x00000030   Code   RO          427    i.Get_Adc           mq2.o
    0x080023d0   0x080023d0   0x00000026   Code   RO          428    i.Get_Adc_Average   mq2.o
    0x080023f6   0x080023f6   0x00000002   PAD
    0x080023f8   0x080023f8   0x0000007c   Code   RO          925    i.Get_Sunlight_Value  gy302.o
    0x08002474   0x08002474   0x00000004   Code   RO          213    i.HardFault_Handler  stm32f4xx_it.o
    0x08002478   0x08002478   0x00000048   Code   RO          863    i.IICGY302_GPIOInit  iic_gy302.o
    0x080024c0   0x080024c0   0x00000058   Code   RO          864    i.IICGY302_RcvByte  iic_gy302.o
    0x08002518   0x08002518   0x0000002c   Code   RO          865    i.IICGY302_SDAModeCH  iic_gy302.o
    0x08002544   0x08002544   0x00000058   Code   RO          866    i.IICGY302_SendByte  iic_gy302.o
    0x0800259c   0x0800259c   0x00000038   Code   RO          867    i.IICGY302_Start    iic_gy302.o
    0x080025d4   0x080025d4   0x00000038   Code   RO          868    i.IICGY302_Stop     iic_gy302.o
    0x0800260c   0x0800260c   0x00000040   Code   RO          869    i.IICGY302_WriteAck  iic_gy302.o
    0x0800264c   0x0800264c   0x00000048   Code   RO          870    i.IICGY302_wait_ACK  iic_gy302.o
    0x08002694   0x08002694   0x00000048   Code   RO          685    i.IIC_GPIOInit      iic.o
    0x080026dc   0x080026dc   0x0000002c   Code   RO          687    i.IIC_SDAModeCH     iic.o
    0x08002708   0x08002708   0x00000058   Code   RO          688    i.IIC_SendByte      iic.o
    0x08002760   0x08002760   0x00000038   Code   RO          689    i.IIC_Start         iic.o
    0x08002798   0x08002798   0x00000038   Code   RO          690    i.IIC_Stop          iic.o
    0x080027d0   0x080027d0   0x00000048   Code   RO          692    i.IIC_wait_ACK      iic.o
    0x08002818   0x08002818   0x0000012c   Code   RO          970    i.IoT_Parameter_Init  mqtt.o
    0x08002944   0x08002944   0x00000068   Code   RO          394    i.LDR_Init          lightled.o
    0x080029ac   0x080029ac   0x00000088   Code   RO          429    i.MQ2_Init          mq2.o
    0x08002a34   0x08002a34   0x000000b0   Code   RO          971    i.MQTT_Buff_Init    mqtt.o
    0x08002ae4   0x08002ae4   0x00000218   Code   RO          972    i.MQTT_ConectPack   mqtt.o
    0x08002cfc   0x08002cfc   0x00000108   Code   RO          973    i.MQTT_DealPushdata_Qs0  mqtt.o
    0x08002e04   0x08002e04   0x0000001c   Code   RO          974    i.MQTT_PingREQ      mqtt.o
    0x08002e20   0x08002e20   0x000000ec   Code   RO          975    i.MQTT_PublishQs0   mqtt.o
    0x08002f0c   0x08002f0c   0x00000098   Code   RO          976    i.MQTT_Subscribe    mqtt.o
    0x08002fa4   0x08002fa4   0x00000004   Code   RO          214    i.MemManage_Handler  stm32f4xx_it.o
    0x08002fa8   0x08002fa8   0x0000003c   Code   RO          926    i.Multiple_Read_IICGY302  gy302.o
    0x08002fe4   0x08002fe4   0x00000002   Code   RO          215    i.NMI_Handler       stm32f4xx_it.o
    0x08002fe6   0x08002fe6   0x00000002   PAD
    0x08002fe8   0x08002fe8   0x00000078   Code   RO         1365    i.NVIC_Init         misc.o
    0x08003060   0x08003060   0x00000014   Code   RO         1366    i.NVIC_PriorityGroupConfig  misc.o
    0x08003074   0x08003074   0x00000040   Code   RO          750    i.OLED_Clear        oled.o
    0x080030b4   0x080030b4   0x000003f4   Code   RO          751    i.OLED_DisplayString  oled.o
    0x080034a8   0x080034a8   0x000000fc   Code   RO          755    i.OLED_Init         oled.o
    0x080035a4   0x080035a4   0x000000c8   Code   RO          756    i.OLED_Menu_Display  oled.o
    0x0800366c   0x0800366c   0x0000002a   Code   RO          759    i.OLED_SetCursorAddrese  oled.o
    0x08003696   0x08003696   0x00000038   Code   RO          761    i.OLED_WR_Byte      oled.o
    0x080036ce   0x080036ce   0x00000002   Code   RO          216    i.PendSV_Handler    stm32f4xx_it.o
    0x080036d0   0x080036d0   0x00000020   Code   RO         1507    i.RCC_AHB1PeriphClockCmd  stm32f4xx_rcc.o
    0x080036f0   0x080036f0   0x00000020   Code   RO         1516    i.RCC_APB1PeriphClockCmd  stm32f4xx_rcc.o
    0x08003710   0x08003710   0x00000020   Code   RO         1518    i.RCC_APB1PeriphResetCmd  stm32f4xx_rcc.o
    0x08003730   0x08003730   0x00000020   Code   RO         1519    i.RCC_APB2PeriphClockCmd  stm32f4xx_rcc.o
    0x08003750   0x08003750   0x00000020   Code   RO         1521    i.RCC_APB2PeriphResetCmd  stm32f4xx_rcc.o
    0x08003770   0x08003770   0x000000e8   Code   RO         1528    i.RCC_GetClocksFreq  stm32f4xx_rcc.o
    0x08003858   0x08003858   0x00000054   Code   RO          507    i.Read_Byte         dht11.o
    0x080038ac   0x080038ac   0x00000098   Code   RO          508    i.Read_DHT11        dht11.o
    0x08003944   0x08003944   0x00000002   Code   RO          217    i.SVC_Handler       stm32f4xx_it.o
    0x08003946   0x08003946   0x00000002   PAD
    0x08003948   0x08003948   0x000000a8   Code   RO          658    i.SendToServer      control.o
    0x080039f0   0x080039f0   0x0000005c   Code   RO         1163    i.Servo_Init        servo.o
    0x08003a4c   0x08003a4c   0x000000ec   Code   RO          308    i.SetSysClock       system_stm32f4xx.o
    0x08003b38   0x08003b38   0x00000022   Code   RO          927    i.Single_Write_IICGY302  gy302.o
    0x08003b5a   0x08003b5a   0x00000028   Code   RO         1369    i.SysTick_CLKSourceConfig  misc.o
    0x08003b82   0x08003b82   0x00000002   Code   RO          218    i.SysTick_Handler   stm32f4xx_it.o
    0x08003b84   0x08003b84   0x00000068   Code   RO          310    i.SystemInit        system_stm32f4xx.o
    0x08003bec   0x08003bec   0x000000bc   Code   RO         1164    i.TIM12_PWM_Init    servo.o
    0x08003ca8   0x08003ca8   0x000000a0   Code   RO         1165    i.TIM13_PWM_Init    servo.o
    0x08003d48   0x08003d48   0x000000a0   Code   RO         1166    i.TIM14_PWM_Init    servo.o
    0x08003de8   0x08003de8   0x0000006c   Code   RO          573    i.TIM2_ENABLE_10S   timer.o
    0x08003e54   0x08003e54   0x00000180   Code   RO          617    i.TIM2_IRQHandler   timer_it.o
    0x08003fd4   0x08003fd4   0x00000070   Code   RO          574    i.TIM3_ENABLE_2S    timer.o
    0x08004044   0x08004044   0x0000006c   Code   RO          575    i.TIM3_ENABLE_30S   timer.o
    0x080040b0   0x080040b0   0x0000006c   Code   RO          618    i.TIM3_IRQHandler   timer_it.o
    0x0800411c   0x0800411c   0x00000098   Code   RO          619    i.TIM4_IRQHandler   timer_it.o
    0x080041b4   0x080041b4   0x00000064   Code   RO          576    i.TIM4_Init         timer.o
    0x08004218   0x08004218   0x00000018   Code   RO         2781    i.TIM_ARRPreloadConfig  stm32f4xx_tim.o
    0x08004230   0x08004230   0x00000006   Code   RO         2788    i.TIM_ClearITPendingBit  stm32f4xx_tim.o
    0x08004236   0x08004236   0x00000018   Code   RO         2793    i.TIM_Cmd           stm32f4xx_tim.o
    0x0800424e   0x0800424e   0x00000002   PAD
    0x08004250   0x08004250   0x00000190   Code   RO         2798    i.TIM_DeInit        stm32f4xx_tim.o
    0x080043e0   0x080043e0   0x00000022   Code   RO         2814    i.TIM_GetITStatus   stm32f4xx_tim.o
    0x08004402   0x08004402   0x00000012   Code   RO         2818    i.TIM_ITConfig      stm32f4xx_tim.o
    0x08004414   0x08004414   0x0000007c   Code   RO         2822    i.TIM_OC1Init       stm32f4xx_tim.o
    0x08004490   0x08004490   0x00000012   Code   RO         2825    i.TIM_OC1PreloadConfig  stm32f4xx_tim.o
    0x080044a2   0x080044a2   0x00000002   PAD
    0x080044a4   0x080044a4   0x000000a4   Code   RO         2827    i.TIM_OC2Init       stm32f4xx_tim.o
    0x08004548   0x08004548   0x0000001a   Code   RO         2830    i.TIM_OC2PreloadConfig  stm32f4xx_tim.o
    0x08004562   0x08004562   0x00000004   Code   RO         2855    i.TIM_SetCompare1   stm32f4xx_tim.o
    0x08004566   0x08004566   0x00000004   Code   RO         2856    i.TIM_SetCompare2   stm32f4xx_tim.o
    0x0800456a   0x0800456a   0x00000004   Code   RO         2859    i.TIM_SetCounter    stm32f4xx_tim.o
    0x0800456e   0x0800456e   0x00000002   PAD
    0x08004570   0x08004570   0x00000084   Code   RO         2865    i.TIM_TimeBaseInit  stm32f4xx_tim.o
    0x080045f4   0x080045f4   0x00000064   Code   RO          977    i.TxDataBuf_Deal    mqtt.o
    0x08004658   0x08004658   0x00000088   Code   RO         1309    i.USART1_IRQHandler  usart.o
    0x080046e0   0x080046e0   0x0000007c   Code   RO          620    i.USART2_IRQHandler  timer_it.o
    0x0800475c   0x0800475c   0x00000024   Code   RO         1201    i.USART3_IRQHandler  yuyin.o
    0x08004780   0x08004780   0x0000001c   Code   RO         1202    i.USART3_SendData   yuyin.o
    0x0800479c   0x0800479c   0x0000001c   Code   RO         1203    i.USART3_SendString  yuyin.o
    0x080047b8   0x080047b8   0x00000012   Code   RO         1897    i.USART_ClearFlag   stm32f4xx_usart.o
    0x080047ca   0x080047ca   0x00000018   Code   RO         1901    i.USART_Cmd         stm32f4xx_usart.o
    0x080047e2   0x080047e2   0x00000054   Code   RO         1905    i.USART_GetITStatus  stm32f4xx_usart.o
    0x08004836   0x08004836   0x0000004a   Code   RO         1907    i.USART_ITConfig    stm32f4xx_usart.o
    0x08004880   0x08004880   0x000000d4   Code   RO         1908    i.USART_Init        stm32f4xx_usart.o
    0x08004954   0x08004954   0x0000000a   Code   RO         1915    i.USART_ReceiveData  stm32f4xx_usart.o
    0x0800495e   0x0800495e   0x00000004   Code   RO          219    i.UsageFault_Handler  stm32f4xx_it.o
    0x08004962   0x08004962   0x00000002   PAD
    0x08004964   0x08004964   0x000000b4   Code   RO         1052    i.Usart2_Init       usart2.o
    0x08004a18   0x08004a18   0x000000b4   Code   RO         1204    i.Usart3_Init       yuyin.o
    0x08004acc   0x08004acc   0x000002f0   Code   RO         1098    i.WiFi_Connect_IoTServer  wifi.o
    0x08004dbc   0x08004dbc   0x00000154   Code   RO         1099    i.WiFi_Connect_Server  wifi.o
    0x08004f10   0x08004f10   0x000000a8   Code   RO         1100    i.WiFi_JoinAP       wifi.o
    0x08004fb8   0x08004fb8   0x00000070   Code   RO         1101    i.WiFi_Reset        wifi.o
    0x08005028   0x08005028   0x00000040   Code   RO         1102    i.WiFi_ResetIO_Init  wifi.o
    0x08005068   0x08005068   0x00000074   Code   RO         1103    i.WiFi_SendCmd      wifi.o
    0x080050dc   0x080050dc   0x00000030   Code   RO         3575    i.__ARM_fpclassify  m_wm.l(fpclassify.o)
    0x0800510c   0x0800510c   0x0000000e   Code   RO         3388    i._is_digit         c_w.l(__printf_wp.o)
    0x0800511a   0x0800511a   0x00000004   Code   RO         1310    i._sys_exit         usart.o
    0x0800511e   0x0800511e   0x00000002   PAD
    0x08005120   0x08005120   0x0000003c   Code   RO         1251    i.delay_init        delay.o
    0x0800515c   0x0800515c   0x00000038   Code   RO         1252    i.delay_ms          delay.o
    0x08005194   0x08005194   0x0000004c   Code   RO         1253    i.delay_us          delay.o
    0x080051e0   0x080051e0   0x0000004c   Code   RO         1254    i.delay_xms         delay.o
    0x0800522c   0x0800522c   0x0000001c   Code   RO         1311    i.fputc             usart.o
    0x08005248   0x08005248   0x00000060   Code   RO          395    i.ldr_work          lightled.o
    0x080052a8   0x080052a8   0x0000006e   Code   RO            3    i.main              main.o
    0x08005316   0x08005316   0x00000002   PAD
    0x08005318   0x08005318   0x00000064   Code   RO          430    i.mq2Proc           mq2.o
    0x0800537c   0x0800537c   0x0000002c   Code   RO          928    i.sunlightProc      gy302.o
    0x080053a8   0x080053a8   0x00000040   Code   RO         1053    i.u2_TxData         usart2.o
    0x080053e8   0x080053e8   0x0000005c   Code   RO         1054    i.u2_printf         usart2.o
    0x08005444   0x08005444   0x000000ac   Code   RO         1312    i.uart_init         usart.o
    0x080054f0   0x080054f0   0x00000154   Code   RO         1205    i.yuyinProc         yuyin.o
    0x08005644   0x08005644   0x0000002c   Code   RO         3571    locale$$code        c_w.l(lc_numeric_c.o)
    0x08005670   0x08005670   0x0000002c   Code   RO         3640    locale$$code        c_w.l(lc_ctype_c.o)
    0x0800569c   0x0800569c   0x00000062   Code   RO         3422    x$fpl$d2f           fz_wm.l(d2f.o)
    0x080056fe   0x080056fe   0x00000002   PAD
    0x08005700   0x08005700   0x00000150   Code   RO         3424    x$fpl$dadd          fz_wm.l(daddsub_clz.o)
    0x08005850   0x08005850   0x000002b0   Code   RO         3431    x$fpl$ddiv          fz_wm.l(ddiv.o)
    0x08005b00   0x08005b00   0x0000005a   Code   RO         3434    x$fpl$dfixu         fz_wm.l(dfixu.o)
    0x08005b5a   0x08005b5a   0x0000002e   Code   RO         3439    x$fpl$dflt          fz_wm.l(dflt_clz.o)
    0x08005b88   0x08005b88   0x00000154   Code   RO         3444    x$fpl$dmul          fz_wm.l(dmul.o)
    0x08005cdc   0x08005cdc   0x0000009c   Code   RO         3502    x$fpl$dnaninf       fz_wm.l(dnaninf.o)
    0x08005d78   0x08005d78   0x0000000c   Code   RO         3504    x$fpl$dretinf       fz_wm.l(dretinf.o)
    0x08005d84   0x08005d84   0x000001d4   Code   RO         3426    x$fpl$dsub          fz_wm.l(daddsub_clz.o)
    0x08005f58   0x08005f58   0x00000056   Code   RO         3446    x$fpl$f2d           fz_wm.l(f2d.o)
    0x08005fae   0x08005fae   0x0000008c   Code   RO         3506    x$fpl$fnaninf       fz_wm.l(fnaninf.o)
    0x0800603a   0x0800603a   0x0000000a   Code   RO         3644    x$fpl$fpinit        fz_wm.l(fpinit.o)
    0x08006044   0x08006044   0x0000000a   Code   RO         3508    x$fpl$fretinf       fz_wm.l(fretinf.o)
    0x0800604e   0x0800604e   0x00000004   Code   RO         3448    x$fpl$printf1       fz_wm.l(printf1.o)
    0x08006052   0x08006052   0x00000000   Code   RO         3510    x$fpl$usenofp       fz_wm.l(usenofp.o)
    0x08006052   0x08006052   0x00000d30   Data   RO          765    .constdata          oled.o
    0x08006d82   0x08006d82   0x00000028   Data   RO         3376    .constdata          c_w.l(_printf_hex_int_ll_ptr.o)
    0x08006daa   0x08006daa   0x00000011   Data   RO         3396    .constdata          c_w.l(__printf_flags_ss_wp.o)
    0x08006dbb   0x08006dbb   0x00000001   PAD
    0x08006dbc   0x08006dbc   0x00000008   Data   RO         3472    .constdata          c_w.l(_printf_wctomb.o)
    0x08006dc4   0x08006dc4   0x00000094   Data   RO         3540    .constdata          c_w.l(bigflt0.o)
    0x08006e58   0x08006e58   0x0000001e   Data   RO            4    .conststring        main.o
    0x08006e76   0x08006e76   0x00000002   PAD
    0x08006e78   0x08006e78   0x00000020   Data   RO         3717    Region$$Table       anon$$obj.o
    0x08006e98   0x08006e98   0x0000001c   Data   RO         3570    locale$$data        c_w.l(lc_numeric_c.o)
    0x08006eb4   0x08006eb4   0x00000110   Data   RO         3639    locale$$data        c_w.l(lc_ctype_c.o)


    Execution Region RW_IRAM1 (Exec base: 0x20000000, Load base: 0x08006fc4, Size: 0x00002488, Max: 0x00020000, ABSOLUTE)

    Exec Addr    Load Addr    Size         Type   Attr      Idx    E Section Name        Object

    0x20000000   0x08006fc4   0x00000018   Data   RW            5    .data               main.o
    0x20000018   0x08006fdc   0x00000008   Data   RW          397    .data               lightled.o
    0x20000020   0x08006fe4   0x00000002   Data   RW          431    .data               mq2.o
    0x20000022   0x08006fe6   0x00000005   Data   RW          509    .data               dht11.o
    0x20000027   0x08006feb   0x00000001   PAD
    0x20000028   0x08006fec   0x00000008   Data   RW          929    .data               gy302.o
    0x20000030   0x08006ff4   0x00000044   Data   RW          979    .data               mqtt.o
    0x20000074   0x08007038   0x00000008   Data   RW         1056    .data               usart2.o
    0x2000007c   0x08007040   0x00000001   Data   RW         1106    .data               wifi.o
    0x2000007d   0x08007041   0x00000001   Data   RW         1206    .data               yuyin.o
    0x2000007e   0x08007042   0x00000004   Data   RW         1255    .data               delay.o
    0x20000082   0x08007046   0x00000002   PAD
    0x20000084   0x08007048   0x00000006   Data   RW         1314    .data               usart.o
    0x2000008a   0x0800704e   0x00000010   Data   RW         1560    .data               stm32f4xx_rcc.o
    0x2000009a   0x0800705e   0x00000002   PAD
    0x2000009c        -       0x000014c0   Zero   RW          978    .bss                mqtt.o
    0x2000155c   0x0800705e   0x00000004   PAD
    0x20001560        -       0x00000800   Zero   RW         1055    .bss                usart2.o
    0x20001d60        -       0x000000c8   Zero   RW         1313    .bss                usart.o
    0x20001e28        -       0x00000060   Zero   RW         3578    .bss                c_w.l(libspace.o)
    0x20001e88        -       0x00000200   Zero   RW         1357    HEAP                startup_stm32f40_41xxx.o
    0x20002088        -       0x00000400   Zero   RW         1356    STACK               startup_stm32f40_41xxx.o


==============================================================================

Image component sizes


      Code (inc. data)   RO Data    RW Data    ZI Data      Debug   Object Name

      1264        570          0          0          0        911   commun.o
       168         50          0          0          0        655   control.o
       268         16          0          4          0       2475   delay.o
       376         30          0          5          0       3868   dht11.o
       262         26          0          8          0       2881   gy302.o
         0          0          0          0          0     242988   hcsr501.o
       388         50          0          0          0       3280   iic.o
       540         66          0          0          0       4545   iic_gy302.o
       200         48          0          8          0       1351   lightled.o
       110          0         30         24          0     296311   main.o
       180         24          0          0          0       2033   misc.o
       322         36          0          2          0       2653   mq2.o
      1900        372          0         68       5312       8128   mqtt.o
      1626         68       3376          0          0       5562   oled.o
       600         38          0          0          0       2856   servo.o
        64         26        392          0       1536        832   startup_stm32f40_41xxx.o
       396         24          0          0          0       5967   stm32f4xx_adc.o
       228          0          0          0          0       2870   stm32f4xx_gpio.o
        26          0          0          0          0       3986   stm32f4xx_it.o
       392         48          0         16          0       5721   stm32f4xx_rcc.o
       982        102          0          0          0       9225   stm32f4xx_tim.o
       422          8          0          0          0       4772   stm32f4xx_usart.o
       340         32          0          0          0       1449   system_stm32f4xx.o
       428         14          0          0          0       2489   timer.o
       768        168          0          0          0       2382   timer_it.o
       340         28          0          6        200       4224   usart.o
       336         24          0          8       2048       3412   usart2.o
      1552        810          0          1          0       4357   wifi.o
       612        112          0          1          0       3538   yuyin.o

    ----------------------------------------------------------------------
     15112       2790       3832        156       9100     635721   Object Totals
         0          0         32          0          0          0   (incl. Generated)
        22          0          2          5          4          0   (incl. Padding)

    ----------------------------------------------------------------------

      Code (inc. data)   RO Data    RW Data    ZI Data      Debug   Library Member Name

        24          4          0          0          0         84   __2printf.o
        44          6          0          0          0         84   __2sprintf.o
         8          0          0          0          0         68   __main.o
       392          4         17          0          0         92   __printf_flags_ss_wp.o
        14          0          0          0          0         68   __printf_wp.o
         0          0          0          0          0          0   __rtentry.o
        12          0          0          0          0          0   __rtentry2.o
         6          0          0          0          0          0   __rtentry4.o
        52          8          0          0          0          0   __scatter.o
        26          0          0          0          0          0   __scatter_copy.o
        28          0          0          0          0          0   __scatter_zi.o
         6          0          0          0          0          0   _printf_a.o
         6          0          0          0          0          0   _printf_c.o
        44          0          0          0          0        108   _printf_char.o
        48          6          0          0          0         96   _printf_char_common.o
        36          4          0          0          0         80   _printf_char_file.o
        40          0          0          0          0         68   _printf_charcount.o
         6          0          0          0          0          0   _printf_d.o
       120         16          0          0          0         92   _printf_dec.o
         6          0          0          0          0          0   _printf_e.o
         6          0          0          0          0          0   _printf_f.o
      1054          0          0          0          0        216   _printf_fp_dec.o
       128         16          0          0          0         84   _printf_fp_infnan.o
         6          0          0          0          0          0   _printf_g.o
       148          4         40          0          0        160   _printf_hex_int_ll_ptr.o
         6          0          0          0          0          0   _printf_i.o
       178          0          0          0          0         88   _printf_intcommon.o
        10          0          0          0          0          0   _printf_l.o
         6          0          0          0          0          0   _printf_lc.o
        10          0          0          0          0          0   _printf_ll.o
         6          0          0          0          0          0   _printf_lld.o
         6          0          0          0          0          0   _printf_lli.o
         6          0          0          0          0          0   _printf_llo.o
         6          0          0          0          0          0   _printf_llu.o
         6          0          0          0          0          0   _printf_llx.o
       124         16          0          0          0         92   _printf_longlong_dec.o
         6          0          0          0          0          0   _printf_ls.o
         6          0          0          0          0          0   _printf_n.o
         6          0          0          0          0          0   _printf_o.o
       112         10          0          0          0        124   _printf_oct_int_ll.o
         6          0          0          0          0          0   _printf_p.o
        78          0          0          0          0        108   _printf_pad.o
         0          0          0          0          0          0   _printf_percent.o
         4          0          0          0          0          0   _printf_percent_end.o
         6          0          0          0          0          0   _printf_s.o
        82          0          0          0          0         80   _printf_str.o
        36          0          0          0          0         84   _printf_truncate.o
         6          0          0          0          0          0   _printf_u.o
        44          0          0          0          0        108   _printf_wchar.o
       188          6          8          0          0         92   _printf_wctomb.o
         6          0          0          0          0          0   _printf_x.o
        10          0          0          0          0         68   _sputc.o
        64          0          0          0          0         92   _wcrtomb.o
       228          4        148          0          0         96   bigflt0.o
      1936        128          0          0          0        672   btod.o
        36          4          0          0          0         76   c89vsprintf.o
        18          0          0          0          0         80   exit.o
         8          0          0          0          0         68   ferror.o
         6          0          0          0          0        152   heapauxi.o
        44         10        272          0          0         76   lc_ctype_c.o
        44         10         28          0          0         76   lc_numeric_c.o
         2          0          0          0          0          0   libinit.o
        34          0          0          0          0          0   libinit2.o
         2          0          0          0          0          0   libshutdown.o
         2          0          0          0          0          0   libshutdown2.o
         8          4          0          0         96         68   libspace.o
       138          0          0          0          0         80   lludiv10.o
        88          0          0          0          0         76   memcmp.o
        16          4          0          0          0         76   rt_ctype_table.o
         8          4          0          0          0         68   rt_locale_intlibspace.o
        68          0          0          0          0         68   rt_memclr.o
        78          0          0          0          0         80   rt_memclr_w.o
       138          0          0          0          0         68   rt_memcpy_v6.o
       100          0          0          0          0         80   rt_memcpy_w.o
         2          0          0          0          0          0   rtexit.o
        10          0          0          0          0          0   rtexit2.o
       128          0          0          0          0         68   strcmpv7m.o
        62          0          0          0          0         76   strlen.o
        36          0          0          0          0         80   strstr.o
        74          0          0          0          0         80   sys_stackheap_outer.o
         2          0          0          0          0         68   use_no_semi.o
         2          0          0          0          0         68   use_no_semi_2.o
        98          4          0          0          0        140   d2f.o
       804         16          0          0          0        368   daddsub_clz.o
       688        140          0          0          0        256   ddiv.o
        90          4          0          0          0        140   dfixu.o
        46          0          0          0          0        116   dflt_clz.o
       340         12          0          0          0        152   dmul.o
       156          4          0          0          0        140   dnaninf.o
        12          0          0          0          0        116   dretinf.o
        86          4          0          0          0        132   f2d.o
       140          4          0          0          0        132   fnaninf.o
        10          0          0          0          0        116   fpinit.o
        10          0          0          0          0        116   fretinf.o
         4          0          0          0          0        116   printf1.o
         0          0          0          0          0          0   usenofp.o
        48          0          0          0          0        124   fpclassify.o

    ----------------------------------------------------------------------
      9154        456        514          0         96       6800   Library Totals
        20          0          1          0          0          0   (incl. Padding)

    ----------------------------------------------------------------------

      Code (inc. data)   RO Data    RW Data    ZI Data      Debug   Library Name

      6602        268        513          0         96       4636   c_w.l
      2484        188          0          0          0       2040   fz_wm.l
        48          0          0          0          0        124   m_wm.l

    ----------------------------------------------------------------------
      9154        456        514          0         96       6800   Library Totals

    ----------------------------------------------------------------------

==============================================================================


      Code (inc. data)   RO Data    RW Data    ZI Data      Debug   

     24266       3246       4346        156       9196     625821   Grand Totals
     24266       3246       4346        156       9196     625821   ELF Image Totals
     24266       3246       4346        156          0          0   ROM Totals

==============================================================================

    Total RO  Size (Code + RO Data)                28612 (  27.94kB)
    Total RW  Size (RW Data + ZI Data)              9352 (   9.13kB)
    Total ROM Size (Code + RO Data + RW Data)      28768 (  28.09kB)

==============================================================================

